Archive member included to satisfy reference by file (symbol)

c:/program files (x86)/arduino/hardware/tools/avr/bin/../lib/gcc/avr/4.9.2/avr5\libgcc.a(_mulsi3.o)
                              ./vfo.o (__mulsi3)
c:/program files (x86)/arduino/hardware/tools/avr/bin/../lib/gcc/avr/4.9.2/avr5\libgcc.a(_udivmodsi4.o)
                              ./vfo.o (__udivmodsi4)
c:/program files (x86)/arduino/hardware/tools/avr/bin/../lib/gcc/avr/4.9.2/avr5\libgcc.a(_exit.o)
                              c:/program files (x86)/arduino/hardware/tools/avr/bin/../lib/gcc/avr/4.9.2/../../../../avr/lib/avr5/crtatmega328p.o (exit)
c:/program files (x86)/arduino/hardware/tools/avr/bin/../lib/gcc/avr/4.9.2/avr5\libgcc.a(_copy_data.o)
                              ./ElapsedTime.o (__do_copy_data)
c:/program files (x86)/arduino/hardware/tools/avr/bin/../lib/gcc/avr/4.9.2/avr5\libgcc.a(_clear_bss.o)
                              ./clock.o (__do_clear_bss)
c:/program files (x86)/arduino/hardware/tools/avr/bin/../lib/gcc/avr/4.9.2/avr5\libgcc.a(_muluhisi3.o)
                              ./vfo.o (__muluhisi3)
c:/program files (x86)/arduino/hardware/tools/avr/bin/../lib/gcc/avr/4.9.2/avr5\libgcc.a(_umulhisi3.o)
                              c:/program files (x86)/arduino/hardware/tools/avr/bin/../lib/gcc/avr/4.9.2/avr5\libgcc.a(_muluhisi3.o) (__umulhisi3)
c:/program files (x86)/arduino/hardware/tools/avr/bin/../lib/gcc/avr/4.9.2/../../../../avr/lib/avr5\libm.a(fixunssfsi.o)
                              ./dds.o (__fixunssfsi)
c:/program files (x86)/arduino/hardware/tools/avr/bin/../lib/gcc/avr/4.9.2/../../../../avr/lib/avr5\libm.a(floatsisf.o)
                              ./vfo.o (__floatunsisf)
c:/program files (x86)/arduino/hardware/tools/avr/bin/../lib/gcc/avr/4.9.2/../../../../avr/lib/avr5\libm.a(fp_split3.o)
                              c:/program files (x86)/arduino/hardware/tools/avr/bin/../lib/gcc/avr/4.9.2/../../../../avr/lib/avr5\libm.a(fixunssfsi.o) (__fp_splitA)
c:/program files (x86)/arduino/hardware/tools/avr/bin/../lib/gcc/avr/4.9.2/../../../../avr/lib/avr5\libm.a(fp_zero.o)
                              c:/program files (x86)/arduino/hardware/tools/avr/bin/../lib/gcc/avr/4.9.2/../../../../avr/lib/avr5\libm.a(fixunssfsi.o) (__fp_zero)
c:/program files (x86)/arduino/hardware/tools/avr/bin/../lib/gcc/avr/4.9.2/../../../../avr/lib/avr5\libm.a(mulsf3.o)
                              ./dds.o (__mulsf3)
c:/program files (x86)/arduino/hardware/tools/avr/bin/../lib/gcc/avr/4.9.2/../../../../avr/lib/avr5\libm.a(mulsf3x.o)
                              c:/program files (x86)/arduino/hardware/tools/avr/bin/../lib/gcc/avr/4.9.2/../../../../avr/lib/avr5\libm.a(mulsf3.o) (__mulsf3x)
c:/program files (x86)/arduino/hardware/tools/avr/bin/../lib/gcc/avr/4.9.2/../../../../avr/lib/avr5\libm.a(fp_inf.o)
                              c:/program files (x86)/arduino/hardware/tools/avr/bin/../lib/gcc/avr/4.9.2/../../../../avr/lib/avr5\libm.a(mulsf3x.o) (__fp_inf)
c:/program files (x86)/arduino/hardware/tools/avr/bin/../lib/gcc/avr/4.9.2/../../../../avr/lib/avr5\libm.a(fp_nan.o)
                              c:/program files (x86)/arduino/hardware/tools/avr/bin/../lib/gcc/avr/4.9.2/../../../../avr/lib/avr5\libm.a(mulsf3x.o) (__fp_nan)
c:/program files (x86)/arduino/hardware/tools/avr/bin/../lib/gcc/avr/4.9.2/../../../../avr/lib/avr5\libm.a(fp_pscA.o)
                              c:/program files (x86)/arduino/hardware/tools/avr/bin/../lib/gcc/avr/4.9.2/../../../../avr/lib/avr5\libm.a(mulsf3x.o) (__fp_pscA)
c:/program files (x86)/arduino/hardware/tools/avr/bin/../lib/gcc/avr/4.9.2/../../../../avr/lib/avr5\libm.a(fp_pscB.o)
                              c:/program files (x86)/arduino/hardware/tools/avr/bin/../lib/gcc/avr/4.9.2/../../../../avr/lib/avr5\libm.a(mulsf3x.o) (__fp_pscB)
c:/program files (x86)/arduino/hardware/tools/avr/bin/../lib/gcc/avr/4.9.2/../../../../avr/lib/avr5\libm.a(fp_round.o)
                              c:/program files (x86)/arduino/hardware/tools/avr/bin/../lib/gcc/avr/4.9.2/../../../../avr/lib/avr5\libm.a(mulsf3.o) (__fp_round)
c:/program files (x86)/arduino/hardware/tools/avr/bin/../lib/gcc/avr/4.9.2/../../../../avr/lib/avr5\libc.a(malloc.o)
                              ./Encoder.o (malloc)
c:/program files (x86)/arduino/hardware/tools/avr/bin/../lib/gcc/avr/4.9.2/../../../../avr/lib/avr5\libc.a(strlen.o)
                              ./main.o (strlen)
c:/program files (x86)/arduino/hardware/tools/avr/bin/../lib/gcc/avr/4.9.2/../../../../avr/lib/avr5\libc.a(fwrite.o)
                              ./main.o (fwrite)
c:/program files (x86)/arduino/hardware/tools/avr/bin/../lib/gcc/avr/4.9.2/../../../../avr/lib/avr5\libc.a(iob.o)
                              ./main.o (__iob)
c:/program files (x86)/arduino/hardware/tools/avr/bin/../lib/gcc/avr/4.9.2/../../../../avr/lib/avr5\libc.a(puts.o)
                              ./main.o (puts)
[...]
Memory Configuration

Name             Origin             Length             Attributes
text             0x00000000         0x00020000         xr
data             0x00800060         0x0000ffa0         rw !x
eeprom           0x00810000         0x00010000         rw !x
fuse             0x00820000         0x00000003         rw !x
lock             0x00830000         0x00000400         rw !x
signature        0x00840000         0x00000400         rw !x
user_signatures  0x00850000         0x00000400         rw !x
*default*        0x00000000         0xffffffff

Linker script and memory map

Address of section .data set to 0x800100
LOAD c:/program files (x86)/arduino/hardware/tools/avr/bin/../lib/gcc/avr/4.9.2/../../../../avr/lib/avr5/crtatmega328p.o
LOAD ./ElapsedTime.o
LOAD ./Encoder.o
LOAD ./clock.o
LOAD ./dds.o
LOAD ./font.o
LOAD ./graphics.o
LOAD ./keyer.o
LOAD ./lcd.o
LOAD ./led.o
LOAD ./listbox.o
LOAD ./main.o
LOAD ./params.o
LOAD ./sw.o
LOAD ./uart.o
LOAD ./vfo.o
LOAD ./workarounds.o
LOAD c:/program files (x86)/arduino/hardware/tools/avr/bin/../lib/gcc/avr/4.9.2/avr5\libgcc.a
LOAD c:/program files (x86)/arduino/hardware/tools/avr/bin/../lib/gcc/avr/4.9.2/../../../../avr/lib/avr5\libm.a
START GROUP
LOAD c:/program files (x86)/arduino/hardware/tools/avr/bin/../lib/gcc/avr/4.9.2/avr5\libgcc.a
LOAD c:/program files (x86)/arduino/hardware/tools/avr/bin/../lib/gcc/avr/4.9.2/../../../../avr/lib/avr5\libm.a
LOAD c:/program files (x86)/arduino/hardware/tools/avr/bin/../lib/gcc/avr/4.9.2/../../../../avr/lib/avr5\libc.a
LOAD c:/program files (x86)/arduino/hardware/tools/avr/bin/../lib/gcc/avr/4.9.2/../../../../avr/lib/avr5\libatmega328p.a
END GROUP
                0x00020000                __TEXT_REGION_LENGTH__ = DEFINED (__TEXT_REGION_LENGTH__)?__TEXT_REGION_LENGTH__:0x20000
                0x0000ffa0                __DATA_REGION_LENGTH__ = DEFINED (__DATA_REGION_LENGTH__)?__DATA_REGION_LENGTH__:0xffa0
                0x00010000                __EEPROM_REGION_LENGTH__ = DEFINED (__EEPROM_REGION_LENGTH__)?__EEPROM_REGION_LENGTH__:0x10000
                [0x00000003]                __FUSE_REGION_LENGTH__ = DEFINED (__FUSE_REGION_LENGTH__)?__FUSE_REGION_LENGTH__:0x400
                0x00000400                __LOCK_REGION_LENGTH__ = DEFINED (__LOCK_REGION_LENGTH__)?__LOCK_REGION_LENGTH__:0x400
                0x00000400                __SIGNATURE_REGION_LENGTH__ = DEFINED (__SIGNATURE_REGION_LENGTH__)?__SIGNATURE_REGION_LENGTH__:0x400
                0x00000400                __USER_SIGNATURE_REGION_LENGTH__ = DEFINED (__USER_SIGNATURE_REGION_LENGTH__)?__USER_SIGNATURE_REGION_LENGTH__:0x400

.hash
 *(.hash)

.dynsym
 *(.dynsym)

.dynstr
 *(.dynstr)

.gnu.version
 *(.gnu.version)

.gnu.version_d
 *(.gnu.version_d)

.gnu.version_r
 *(.gnu.version_r)

.rel.init
 *(.rel.init)

.rela.init
 *(.rela.init)

.rel.text
 *(.rel.text)
 *(.rel.text.*)
 *(.rel.gnu.linkonce.t*)

.rela.text
 *(.rela.text)
 *(.rela.text.*)
 *(.rela.gnu.linkonce.t*)

.rel.fini
 *(.rel.fini)

.rela.fini
 *(.rela.fini)

.rel.rodata
 *(.rel.rodata)
 *(.rel.rodata.*)
 *(.rel.gnu.linkonce.r*)

.rela.rodata
 *(.rela.rodata)
 *(.rela.rodata.*)
 *(.rela.gnu.linkonce.r*)

.rel.data
 *(.rel.data)
 *(.rel.data.*)
 *(.rel.gnu.linkonce.d*)

.rela.data
 *(.rela.data)
 *(.rela.data.*)
 *(.rela.gnu.linkonce.d*)

.rel.ctors
 *(.rel.ctors)

.rela.ctors
 *(.rela.ctors)

.rel.dtors
 *(.rel.dtors)

.rela.dtors
 *(.rela.dtors)

.rel.got
 *(.rel.got)

.rela.got
 *(.rela.got)

.rel.bss
 *(.rel.bss)

.rela.bss
 *(.rela.bss)

.rel.plt
 *(.rel.plt)

.rela.plt
 *(.rela.plt)

.text           0x00000000     0x5730
 *(.vectors)
 .vectors       0x00000000       0x68 c:/program files (x86)/arduino/hardware/tools/avr/bin/../lib/gcc/avr/4.9.2/../../../../avr/lib/avr5/crtatmega328p.o
                0x00000000                __vector_default
                0x00000000                __vectors
 *(.vectors)
 *(.progmem.gcc*)
                0x00000068                . = ALIGN (0x2)
                0x00000068                __trampolines_start = .
 *(.trampolines)
 .trampolines   0x00000068        0x0 linker stubs
 *(.trampolines*)
                0x00000068                __trampolines_end = .
 *libprintf_flt.a:*(.progmem.data)
 *libc.a:*(.progmem.data)
 *(.progmem*)
                0x00000068                . = ALIGN (0x2)
 *(.jumptables)
 *(.jumptables*)
 *(.lowtext)
 *(.lowtext*)
                0x00000068                __ctors_start = .
 *(.ctors)
                0x00000068                __ctors_end = .
                0x00000068                __dtors_start = .
 *(.dtors)
                0x00000068                __dtors_end = .
 SORT(*)(.ctors)
 SORT(*)(.dtors)
 *(.init0)
 .init0         0x00000068        0x0 c:/program files (x86)/arduino/hardware/tools/avr/bin/../lib/gcc/avr/4.9.2/../../../../avr/lib/avr5/crtatmega328p.o
                0x00000068                __init
 *(.init0)
 *(.init1)
 *(.init1)
 *(.init2)
 .init2         0x00000068        0xc c:/program files (x86)/arduino/hardware/tools/avr/bin/../lib/gcc/avr/4.9.2/../../../../avr/lib/avr5/crtatmega328p.o
 *(.init2)
 *(.init3)
 *(.init3)
 *(.init4)
 .init4         0x00000074       0x16 c:/program files (x86)/arduino/hardware/tools/avr/bin/../lib/gcc/avr/4.9.2/avr5\libgcc.a(_copy_data.o)
                0x00000074                __do_copy_data
 .init4         0x0000008a       0x10 c:/program files (x86)/arduino/hardware/tools/avr/bin/../lib/gcc/avr/4.9.2/avr5\libgcc.a(_clear_bss.o)
                0x0000008a                __do_clear_bss
 *(.init4)
 *(.init5)
 *(.init5)
 *(.init6)
 *(.init6)
 *(.init7)
 *(.init7)
 *(.init8)
 *(.init8)
 *(.init9)
 .init9         0x0000009a        0x8 c:/program files (x86)/arduino/hardware/tools/avr/bin/../lib/gcc/avr/4.9.2/../../../../avr/lib/avr5/crtatmega328p.o
 *(.init9)
 *(.text)
 .text          0x000000a2        0x2 c:/program files (x86)/arduino/hardware/tools/avr/bin/../lib/gcc/avr/4.9.2/../../../../avr/lib/avr5/crtatmega328p.o
                0x000000a2                __vector_22
                0x000000a2                __vector_1
                0x000000a2                __vector_24
                0x000000a2                __vector_12
                0x000000a2                __bad_interrupt
                0x000000a2                __vector_6
                0x000000a2                __vector_3
                0x000000a2                __vector_23
                0x000000a2                __vector_25
                0x000000a2                __vector_11
                0x000000a2                __vector_13
                0x000000a2                __vector_17
                0x000000a2                __vector_19
                0x000000a2                __vector_5
                0x000000a2                __vector_4
                0x000000a2                __vector_9
                0x000000a2                __vector_2
                0x000000a2                __vector_21
                0x000000a2                __vector_15
                0x000000a2                __vector_8
                0x000000a2                __vector_14
                0x000000a2                __vector_10
                0x000000a2                __vector_16
                0x000000a2                __vector_18
                0x000000a2                __vector_20
 .text          0x000000a4      0x628 ./font.o
                0x000006a4                _getPixels
                0x000006cc                . = ALIGN (0x2)
 *(.text.*)
 .text._ZN8CallbackC2Ev
                0x000006cc       0x26 ./ElapsedTime.o
                0x000006cc                _ZN8CallbackC1Ev
                0x000006cc                _ZN8CallbackC2Ev
 .text._ZN2SwnwEj
                0x000006f2       0x20 ./Encoder.o
                0x000006f2                _ZN2SwnwEj
 .text._ZN7EncoderC2Ehhh
                0x00000712      0x120 ./Encoder.o
                0x00000712                _ZN7EncoderC2Ehhh
                0x00000712                _ZN7EncoderC1Ehhh
 .text._ZN7Encoder6updateEv
                0x00000832      0x212 ./Encoder.o
                0x00000832                _ZN7Encoder6updateEv
 .text._ZN7Encoder8hasEventEv
                0x00000a44       0x28 ./Encoder.o
                0x00000a44                _ZN7Encoder8hasEventEv
 .text._ZN7Encoder8getEventEv
                0x00000a6c       0x20 ./Encoder.o
                0x00000a6c                _ZN7Encoder8getEventEv
 .text._ZN7Encoder10clearEventEv
                0x00000a8c       0x20 ./Encoder.o
                0x00000a8c                _ZN7Encoder10clearEventEv
 .text._ZN7Encoder8callbackEv
                0x00000aac       0x1e ./Encoder.o
                0x00000aac                _ZN7Encoder8callbackEv
 .text._ZN7Encoder16getMissedCwCountEv
                0x00000aca       0x3a ./Encoder.o
                0x00000aca                _ZN7Encoder16getMissedCwCountEv
 .text._ZN7Encoder17getMissedCcwCountEv
                0x00000b04       0x3a ./Encoder.o
                0x00000b04                _ZN7Encoder17getMissedCcwCountEv
 .text._ZN7Encoder12setEventRateEh
                0x00000b3e       0x2e ./Encoder.o
                0x00000b3e                _ZN7Encoder12setEventRateEh
 .text.__vector_7
                0x00000b6c       0x56 ./clock.o
                0x00000b6c                __vector_7
 .text._ZN5Clock4tickEv
                0x00000bc2      0x1ee ./clock.o
                0x00000bc2                _ZN5Clock4tickEv
 .text._ZN5Clock5delayEm
                0x00000db0       0x5a ./clock.o
                0x00000db0                _ZN5Clock5delayEm
 .text._ZN5Clock16registerPeriodicEP8Callbackj
                0x00000e0a       0xa4 ./clock.o
                0x00000e0a                _ZN5Clock16registerPeriodicEP8Callbackj
 .text._ZN5Clock15registerOneshotEP8Callbackj
                0x00000eae       0x8e ./clock.o
                0x00000eae                _ZN5Clock15registerOneshotEP8Callbackj
 .text._ZN5Clock13cancelOneshotEi
                0x00000f3c       0x3e ./clock.o
                0x00000f3c                _ZN5Clock13cancelOneshotEi
 .text._ZN5ClockC2Ev
                0x00000f7a       0xc0 ./clock.o
                0x00000f7a                _ZN5ClockC1Ev
                0x00000f7a                _ZN5ClockC2Ev
 .text._Z7usecDlyi
                0x0000103a       0x32 ./clock.o
                0x0000103a                _Z7usecDlyi
 .text.DdsInit  0x0000106c       0x86 ./dds.o
                0x0000106c                DdsInit
 .text.dds      0x000010f2      0x16c ./dds.o
                0x000010f2                dds
 .text._ZN8Graphics10draw2xCharEchh9_pixColorS0_
                0x0000125e      0x326 ./graphics.o
                0x0000125e                _ZN8Graphics10draw2xCharEchh9_pixColorS0_
 .text._ZN3LcdC2Ev
                0x00001584       0xc8 ./lcd.o
                0x00001584                _ZN3LcdC2Ev
                0x00001584                _ZN3LcdC1Ev
 .text._ZN3Lcd5resetEv
                0x0000164c       0x56 ./lcd.o
                0x0000164c                _ZN3Lcd5resetEv
 .text._ZN3Lcd7sendCmdEh
                0x000016a2       0x34 ./lcd.o
                0x000016a2                _ZN3Lcd7sendCmdEh
 .text._ZN3Lcd8sendDataEPhh
                0x000016d6       0x6e ./lcd.o
                0x000016d6                _ZN3Lcd8sendDataEPhh
 .text._ZN3Lcd8sendByteEh
                0x00001744       0x90 ./lcd.o
                0x00001744                _ZN3Lcd8sendByteEh
 .text._ZN3Lcd2onEv
                0x000017d4       0x22 ./lcd.o
                0x000017d4                _ZN3Lcd2onEv
 .text._ZN3Lcd9sleep_outEv
                0x000017f6       0x22 ./lcd.o
                0x000017f6                _ZN3Lcd9sleep_outEv
 .text._ZN3Lcd10mem_accessEv
                0x00001818       0x44 ./lcd.o
                0x00001818                _ZN3Lcd10mem_accessEv
 .text._ZN3Lcd11lcd_putcharEc
                0x0000185c      0x212 ./lcd.o
                0x0000185c                _ZN3Lcd11lcd_putcharEc
 .text._ZN3Lcd8cmpltCmdEv
                0x00001a6e       0x2a ./lcd.o
                0x00001a6e                _ZN3Lcd8cmpltCmdEv
 .text._ZN3Lcd8drawCharEchhh9_pixColorS0_
                0x00001a98      0x24e ./lcd.o
                0x00001a98                _ZN3Lcd8drawCharEchhh9_pixColorS0_
 .text._ZN3Lcd8drawCharEchhh
                0x00001ce6       0x78 ./lcd.o
                0x00001ce6                _ZN3Lcd8drawCharEchhh
 .text._ZN3Lcd7clrScrnEv
                0x00001d5e       0xf2 ./lcd.o
                0x00001d5e                _ZN3Lcd7clrScrnEv
 .text._ZN3Lcd4putsEPKc
                0x00001e50       0x68 ./lcd.o
                0x00001e50                _ZN3Lcd4putsEPKc
 .text._ZN3Lcd4putsEPKc9_pixColorS2_
                0x00001eb8       0xb2 ./lcd.o
                0x00001eb8                _ZN3Lcd4putsEPKc9_pixColorS2_
 .text._ZN3Lcd6gotoxyEhh
                0x00001f6a       0x3e ./lcd.o
                0x00001f6a                _ZN3Lcd6gotoxyEhh
 .text._Z8lcd_putccP6__file
                0x00001fa8       0x26 ./lcd.o
                0x00001fa8                _Z8lcd_putccP6__file
 .text._ZN3LedC2Ev
                0x00001fce       0x5e ./led.o
                0x00001fce                _ZN3LedC1Ev
                0x00001fce                _ZN3LedC2Ev
 .text._ZN3Led8callbackEv
                0x0000202c       0x1e ./led.o
                0x0000202c                _ZN3Led8callbackEv
 .text._ZN3Led6toggleEv
                0x0000204a       0x38 ./led.o
                0x0000204a                _ZN3Led6toggleEv
 .text._ZN5ClocknwEj
                0x00002082       0x20 ./main.o
                0x00002082                _ZN5ClocknwEj
 .text._ZN3LednwEj
                0x000020a2       0x20 ./main.o
                0x000020a2                _ZN3LednwEj
 .text._ZN3LcdnwEj
                0x000020c2       0x20 ./main.o
                0x000020c2                _ZN3LcdnwEj
 .text._ZN8GraphicsnwEj
                0x000020e2       0x20 ./main.o
                0x000020e2                _ZN8GraphicsnwEj
 .text._ZN7EncodernwEj
                0x00002102       0x20 ./main.o
                0x00002102                _ZN7EncodernwEj
 .text._ZN3vfonwEj
                0x00002122       0x20 ./main.o
                0x00002122                _ZN3vfonwEj
 .text._ZN6paramsnwEj
                0x00002142       0x20 ./main.o
                0x00002142                _ZN6paramsnwEj
 .text._ZN8GraphicsC2Ev
                0x00002162       0x1e ./main.o
                0x00002162                _ZN8GraphicsC1Ev
                0x00002162                _ZN8GraphicsC2Ev
 .text.main     0x00002180      0x89a ./main.o
                0x00002180                main
 .text._Z6memcpyPvPKvj
                0x00002a1a       0x86 ./params.o
                0x00002a1a                _Z6memcpyPvPKvj
 .text._ZN6paramsC2EP8Graphics
                0x00002aa0      0x124 ./params.o
                0x00002aa0                _ZN6paramsC1EP8Graphics
                0x00002aa0                _ZN6paramsC2EP8Graphics
 .text._ZN6params8callbackEv
                0x00002bc4       0x26 ./params.o
                0x00002bc4                _ZN6params8callbackEv
 .text._ZN6params10initParamsEP3Lcd
                0x00002bea      0x312 ./params.o
                0x00002bea                _ZN6params10initParamsEP3Lcd
 .text._ZN6params7getStepEv
                0x00002efc       0x20 ./params.o
                0x00002efc                _ZN6params7getStepEv
 .text._ZN6params7getBandEv
                0x00002f1c       0x20 ./params.o
                0x00002f1c                _ZN6params7getBandEv
 .text._ZN6params6getVfoEv
                0x00002f3c       0x20 ./params.o
                0x00002f3c                _ZN6params6getVfoEv
 .text._ZN6params12getActiveVfoEv
                0x00002f5c       0x20 ./params.o
                0x00002f5c                _ZN6params12getActiveVfoEv
 .text._ZN6params7getModeEv
                0x00002f7c       0x20 ./params.o
                0x00002f7c                _ZN6params7getModeEv
 .text._ZN6params7setModeE7_mode_t
                0x00002f9c       0x28 ./params.o
                0x00002f9c                _ZN6params7setModeE7_mode_t
 .text._ZN6params12setActiveVfoE10vfo_actv_t
                0x00002fc4       0xfa ./params.o
                0x00002fc4                _ZN6params12setActiveVfoE10vfo_actv_t
 .text._ZN6params11updateEnterEP7EncoderP2SwP3Lcd
                0x000030be      0x15e ./params.o
                0x000030be                _ZN6params11updateEnterEP7EncoderP2SwP3Lcd
 .text._ZN6params6updateEP7EncoderP2SwP3Lcd
                0x0000321c      0x88a ./params.o
                0x0000321c                _ZN6params6updateEP7EncoderP2SwP3Lcd
 .text._ZN2SwC2Ehh
                0x00003aa6      0x12e ./sw.o
                0x00003aa6                _ZN2SwC2Ehh
                0x00003aa6                _ZN2SwC1Ehh
 .text._ZN2Sw6updateEv
                0x00003bd4       0xce ./sw.o
                0x00003bd4                _ZN2Sw6updateEv
 .text._ZN2Sw8hasEventEv
                0x00003ca2       0x2a ./sw.o
                0x00003ca2                _ZN2Sw8hasEventEv
 .text._ZN2Sw8getEventEv
                0x00003ccc       0x20 ./sw.o
                0x00003ccc                _ZN2Sw8getEventEv
 .text._ZN2Sw10clearEventEv
                0x00003cec       0x20 ./sw.o
                0x00003cec                _ZN2Sw10clearEventEv
 .text._ZN2Sw8callbackEv
                0x00003d0c       0x1e ./sw.o
                0x00003d0c                _ZN2Sw8callbackEv
 .text._ZN2Sw8isClosedEv
                0x00003d2a       0x36 ./sw.o
                0x00003d2a                _ZN2Sw8isClosedEv
 .text.uart_init
                0x00003d60       0x34 ./uart.o
                0x00003d60                uart_init
 .text.uart_getc
                0x00003d94       0x3a ./uart.o
                0x00003d94                uart_getc
 .text.uart_putc
                0x00003dce       0x5a ./uart.o
                0x00003dce                uart_putc
 .text._ZN3vfoC2EP7EncoderP13vfoParametersj
                0x00003e28      0x2a0 ./vfo.o
                0x00003e28                _ZN3vfoC1EP7EncoderP13vfoParametersj
                0x00003e28                _ZN3vfoC2EP7EncoderP13vfoParametersj
 .text._ZN3vfo6updateEh
                0x000040c8      0x2c2 ./vfo.o
                0x000040c8                _ZN3vfo6updateEh
 .text._ZN3vfo9getRxFreqE5_band
                0x0000438a      0x11c ./vfo.o
                0x0000438a                _ZN3vfo9getRxFreqE5_band
 .text._ZN3vfo9getTxFreqE5_band
                0x000044a6      0x11e ./vfo.o
                0x000044a6                _ZN3vfo9getTxFreqE5_band
 .text._ZN3vfo7setStepE6step_t
                0x000045c4       0x5a ./vfo.o
                0x000045c4                _ZN3vfo7setStepE6step_t
 .text._ZN3vfo13intToString32EmPc
                0x0000461e      0x3bc ./vfo.o
                0x0000461e                _ZN3vfo13intToString32EmPc
 .text._ZN3vfo17formatDisplayFreqEPcS0_
                0x000049da      0x100 ./vfo.o
                0x000049da                _ZN3vfo17formatDisplayFreqEPcS0_
 .text._ZN3vfo16getTxDisplayFreqEPc5_band
                0x00004ada       0x94 ./vfo.o
                0x00004ada                _ZN3vfo16getTxDisplayFreqEPc5_band
 .text._ZN3vfo7getLineEv
                0x00004b6e       0x26 ./vfo.o
                0x00004b6e                _ZN3vfo7getLineEv
 .text.__cxa_pure_virtual
                0x00004b94        0xe ./workarounds.o
                0x00004b94                __cxa_pure_virtual
 .text.libgcc.mul
                0x00004ba2       0x1e c:/program files (x86)/arduino/hardware/tools/avr/bin/../lib/gcc/avr/4.9.2/avr5\libgcc.a(_mulsi3.o)
                0x00004ba2                __mulsi3
 .text.libgcc.div
                0x00004bc0       0x44 c:/program files (x86)/arduino/hardware/tools/avr/bin/../lib/gcc/avr/4.9.2/avr5\libgcc.a(_udivmodsi4.o)
                0x00004bc0                __udivmodsi4
 .text.libgcc.mul
                0x00004c04       0x14 c:/program files (x86)/arduino/hardware/tools/avr/bin/../lib/gcc/avr/4.9.2/avr5\libgcc.a(_muluhisi3.o)
                0x00004c04                __muluhisi3
 .text.libgcc.mul
                0x00004c18       0x1e c:/program files (x86)/arduino/hardware/tools/avr/bin/../lib/gcc/avr/4.9.2/avr5\libgcc.a(_umulhisi3.o)
                0x00004c18                __umulhisi3
 .text.avr-libc.fplib
                0x00004c36       0x58 c:/program files (x86)/arduino/hardware/tools/avr/bin/../lib/gcc/avr/4.9.2/../../../../avr/lib/avr5\libm.a(fixunssfsi.o)
                0x00004c36                __fixunssfsi
 .text.avr-libc.fplib
                0x00004c8e       0x7a c:/program files (x86)/arduino/hardware/tools/avr/bin/../lib/gcc/avr/4.9.2/../../../../avr/lib/avr5\libm.a(floatsisf.o)
                0x00004c8e                __floatunsisf
                0x00004c92                __floatsisf
 .text.avr-libc.fplib
                0x00004d08       0x44 c:/program files (x86)/arduino/hardware/tools/avr/bin/../lib/gcc/avr/4.9.2/../../../../avr/lib/avr5\libm.a(fp_split3.o)
                0x00004d08                __fp_split3
                0x00004d18                __fp_splitA
 .text.avr-libc.fplib
                0x00004d4c        0xe c:/program files (x86)/arduino/hardware/tools/avr/bin/../lib/gcc/avr/4.9.2/../../../../avr/lib/avr5\libm.a(fp_zero.o)
                0x00004d4c                __fp_zero
                0x00004d4e                __fp_szero
 .text.avr-libc.fplib
                0x00004d5a        0x4 c:/program files (x86)/arduino/hardware/tools/avr/bin/../lib/gcc/avr/4.9.2/../../../../avr/lib/avr5\libm.a(mulsf3.o)
                0x00004d5a                __mulsf3
 .text.avr-libc.fplib
                0x00004d5e       0xc2 c:/program files (x86)/arduino/hardware/tools/avr/bin/../lib/gcc/avr/4.9.2/../../../../avr/lib/avr5\libm.a(mulsf3x.o)
                0x00004d72                __mulsf3x
                0x00004d76                __mulsf3_pse
 .text.avr-libc.fplib
                0x00004e20        0xc c:/program files (x86)/arduino/hardware/tools/avr/bin/../lib/gcc/avr/4.9.2/../../../../avr/lib/avr5\libm.a(fp_inf.o)
                0x00004e20                __fp_inf
 .text.avr-libc.fplib
                0x00004e2c        0x6 c:/program files (x86)/arduino/hardware/tools/avr/bin/../lib/gcc/avr/4.9.2/../../../../avr/lib/avr5\libm.a(fp_nan.o)
                0x00004e2c                __fp_nan
 .text.avr-libc.fplib
                0x00004e32        0xe c:/program files (x86)/arduino/hardware/tools/avr/bin/../lib/gcc/avr/4.9.2/../../../../avr/lib/avr5\libm.a(fp_pscA.o)
                0x00004e32                __fp_pscA
 .text.avr-libc.fplib
                0x00004e40        0xe c:/program files (x86)/arduino/hardware/tools/avr/bin/../lib/gcc/avr/4.9.2/../../../../avr/lib/avr5\libm.a(fp_pscB.o)
                0x00004e40                __fp_pscB
 .text.avr-libc.fplib
                0x00004e4e       0x22 c:/program files (x86)/arduino/hardware/tools/avr/bin/../lib/gcc/avr/4.9.2/../../../../avr/lib/avr5\libm.a(fp_round.o)
                0x00004e4e                __fp_round
 .text.avr-libc
                0x00004e70      0x25a c:/program files (x86)/arduino/hardware/tools/avr/bin/../lib/gcc/avr/4.9.2/../../../../avr/lib/avr5\libc.a(malloc.o)
                0x00004e70                malloc
                0x00004f9a                free
 .text.avr-libc
                0x000050ca       0x12 c:/program files (x86)/arduino/hardware/tools/avr/bin/../lib/gcc/avr/4.9.2/../../../../avr/lib/avr5\libc.a(strlen.o)
                0x000050ca                strlen
 .text.avr-libc
                0x000050dc       0x64 c:/program files (x86)/arduino/hardware/tools/avr/bin/../lib/gcc/avr/4.9.2/../../../../avr/lib/avr5\libc.a(fwrite.o)
                0x000050dc                fwrite
 .text.avr-libc
                0x00005140       0x60 c:/program files (x86)/arduino/hardware/tools/avr/bin/../lib/gcc/avr/4.9.2/../../../../avr/lib/avr5\libc.a(puts.o)
                0x00005140                puts
 .text.avr-libc
                0x000051a0       0x40 c:/program files (x86)/arduino/hardware/tools/avr/bin/../lib/gcc/avr/4.9.2/../../../../avr/lib/avr5\libc.a(sprintf.o)
                0x000051a0                sprintf
 .text.avr-libc
                0x000051e0      0x386 c:/program files (x86)/arduino/hardware/tools/avr/bin/../lib/gcc/avr/4.9.2/../../../../avr/lib/avr5\libc.a(vfprintf_std.o)
                0x000051e0                vfprintf
 .text.avr-libc
                0x00005566       0x16 c:/program files (x86)/arduino/hardware/tools/avr/bin/../lib/gcc/avr/4.9.2/../../../../avr/lib/avr5\libc.a(strnlen_P.o)
                0x00005566                strnlen_P
 .text.avr-libc
                0x0000557c       0x16 c:/program files (x86)/arduino/hardware/tools/avr/bin/../lib/gcc/avr/4.9.2/../../../../avr/lib/avr5\libc.a(strnlen.o)
                0x0000557c                strnlen
 .text.avr-libc
                0x00005592       0x70 c:/program files (x86)/arduino/hardware/tools/avr/bin/../lib/gcc/avr/4.9.2/../../../../avr/lib/avr5\libc.a(fputc.o)
                0x00005592                fputc
 .text.avr-libc
                0x00005602       0xbc c:/program files (x86)/arduino/hardware/tools/avr/bin/../lib/gcc/avr/4.9.2/../../../../avr/lib/avr5\libc.a(ultoa_invert.o)
                0x00005602                __ultoa_invert
 .text.libgcc.prologue
                0x000056be       0x38 c:/program files (x86)/arduino/hardware/tools/avr/bin/../lib/gcc/avr/4.9.2/avr5\libgcc.a(_prologue.o)
                0x000056be                __prologue_saves__
 .text.libgcc.prologue
                0x000056f6       0x36 c:/program files (x86)/arduino/hardware/tools/avr/bin/../lib/gcc/avr/4.9.2/avr5\libgcc.a(_epilogue.o)
                0x000056f6                __epilogue_restores__
                0x0000572c                . = ALIGN (0x2)
 *(.fini9)
 .fini9         0x0000572c        0x0 c:/program files (x86)/arduino/hardware/tools/avr/bin/../lib/gcc/avr/4.9.2/avr5\libgcc.a(_exit.o)
                0x0000572c                _exit
                0x0000572c                exit
 *(.fini9)
 *(.fini8)
 *(.fini8)
 *(.fini7)
 *(.fini7)
 *(.fini6)
 *(.fini6)
 *(.fini5)
 *(.fini5)
 *(.fini4)
 *(.fini4)
 *(.fini3)
 *(.fini3)
 *(.fini2)
 *(.fini2)
 *(.fini1)
 *(.fini1)
 *(.fini0)
 .fini0         0x0000572c        0x4 c:/program files (x86)/arduino/hardware/tools/avr/bin/../lib/gcc/avr/4.9.2/avr5\libgcc.a(_exit.o)
 *(.fini0)
                0x00005730                _etext = .

.data           0x00800100      0x212 load address 0x00005730
                0x00800100                PROVIDE (__data_start, .)
 *(.data)
 .data          0x00800100        0x6 c:/program files (x86)/arduino/hardware/tools/avr/bin/../lib/gcc/avr/4.9.2/../../../../avr/lib/avr5\libc.a(malloc.o)
                0x00800100                __malloc_heap_end
                0x00800102                __malloc_heap_start
                0x00800104                __malloc_margin
 *(.data*)
 .data.uart_str
                0x00800106        0xe ./main.o
                0x00800106                uart_str
 .data.lcd_str  0x00800114        0xe ./main.o
                0x00800114                lcd_str
 .data.lcdfp    0x00800122        0x2 ./main.o
                0x00800122                lcdfp
 .data.band_strings
                0x00800124       0x12 ./params.o
                0x00800124                band_strings
 .data.step_strings
                0x00800136        0xa ./params.o
                0x00800136                step_strings
 .data.vfo_strings
                0x00800140        0x6 ./params.o
                0x00800140                vfo_strings
 .data.vfoact_strings
                0x00800146        0x4 ./params.o
                0x00800146                vfoact_strings
 .data.key_strings
                0x0080014a        0x6 ./params.o
                0x0080014a                key_strings
 .data.default_param_display
                0x00800150       0x42 ./params.o
                0x00800150                default_param_display
 .data.vfoDataConst
                0x00800192       0xa2 ./vfo.o
                0x00800192                vfoDataConst
 *(.rodata)
 .rodata        0x00800234       0x30 ./main.o
 .rodata        0x00800264       0x78 ./params.o
 *(.rodata*)
 .rodata._ZTV8Callback
                0x008002dc        0x6 ./ElapsedTime.o
                0x008002dc                _ZTV8Callback
 .rodata._ZTV7Encoder
                0x008002e2        0x6 ./Encoder.o
                0x008002e2                _ZTV7Encoder
 .rodata._ZTV3Led
                0x008002e8        0x6 ./led.o
                0x008002e8                _ZTV3Led
 .rodata._ZTV6params
                0x008002ee        0x6 ./params.o
                0x008002ee                _ZTV6params
 .rodata._ZTV2Sw
                0x008002f4        0x6 ./sw.o
                0x008002f4                _ZTV2Sw
 .rodata._ZL11step_values
                0x008002fa       0x18 ./vfo.o
 *(.gnu.linkonce.d*)
                0x00800312                . = ALIGN (0x2)
                0x00800312                _edata = .
                0x00800312                PROVIDE (__data_end, .)

.bss            0x00800312       0x56
                0x00800312                PROVIDE (__bss_start, .)
 *(.bss)
 *(.bss*)
 .bss._ZN5Clock8sysclockE
                0x00800312        0x4 ./clock.o
                0x00800312                _ZN5Clock8sysclockE
 .bss._ZN5Clock9delayTimeE
                0x00800316        0x4 ./clock.o
                0x00800316                _ZN5Clock9delayTimeE
 .bss._ZN5Clock5countE
                0x0080031a        0x1 ./clock.o
                0x0080031a                _ZN5Clock5countE
 .bss._ZN5Clock13periodicTasksE
                0x0080031b       0x10 ./clock.o
                0x0080031b                _ZN5Clock13periodicTasksE
 .bss._ZN5Clock11singleTasksE
                0x0080032b        0x4 ./clock.o
                0x0080032b                _ZN5Clock11singleTasksE
 .bss._ZN5Clock10reloadTimeE
                0x0080032f       0x10 ./clock.o
                0x0080032f                _ZN5Clock10reloadTimeE
 .bss._ZN5Clock16periodicTimeLeftE
                0x0080033f       0x10 ./clock.o
                0x0080033f                _ZN5Clock16periodicTimeLeftE
 .bss._ZN5Clock15oneshotTimeLeftE
                0x0080034f        0x4 ./clock.o
                0x0080034f                _ZN5Clock15oneshotTimeLeftE
 .bss._ZN3Lcd7fgColorE
                0x00800353        0x3 ./lcd.o
                0x00800353                _ZN3Lcd7fgColorE
 .bss._ZN3Lcd7bgColorE
                0x00800356        0x3 ./lcd.o
                0x00800356                _ZN3Lcd7bgColorE
 .bss._ZN3Lcd6cursorE
                0x00800359        0x4 ./lcd.o
                0x00800359                _ZN3Lcd6cursorE
 .bss._ZN3Lcd14lcdInitializedE
                0x0080035d        0x1 ./lcd.o
                0x0080035d                _ZN3Lcd14lcdInitializedE
 *(COMMON)
 COMMON         0x0080035e        0x4 c:/program files (x86)/arduino/hardware/tools/avr/bin/../lib/gcc/avr/4.9.2/../../../../avr/lib/avr5\libc.a(malloc.o)
                0x0080035e                __brkval
                0x00800360                __flp
 COMMON         0x00800362        0x6 c:/program files (x86)/arduino/hardware/tools/avr/bin/../lib/gcc/avr/4.9.2/../../../../avr/lib/avr5\libc.a(iob.o)
                0x00800362                __iob
                0x00800368                PROVIDE (__bss_end, .)
                0x00005730                __data_load_start = LOADADDR (.data)
                0x00005942                __data_load_end = (__data_load_start + SIZEOF (.data))

.noinit         0x00800368        0x0
                [!provide]                PROVIDE (__noinit_start, .)
 *(.noinit*)
                [!provide]                PROVIDE (__noinit_end, .)
                0x00800368                _end = .
                0x00800368                PROVIDE (__heap_start, .)

.eeprom         0x00810000        0x0
 *(.eeprom*)
                0x00810000                __eeprom_end = .

.fuse
 *(.fuse)
 *(.lfuse)
 *(.hfuse)
 *(.efuse)

.lock
 *(.lock*)

.signature
 *(.signature*)

.user_signatures
 *(.user_signatures*)

.stab           0x00000000     0x9474
 *(.stab)
 .stab          0x00000000      0x5c4 ./ElapsedTime.o
                                0x6d8 (size before relaxing)
 .stab          0x000005c4      0xbf4 ./Encoder.o
                                0xc3c (size before relaxing)
 .stab          0x000011b8      0xaec ./clock.o
                                0xbb8 (size before relaxing)
 .stab          0x00001ca4      0x840 ./dds.o
                                0x84c (size before relaxing)
 .stab          0x000024e4      0x108 ./font.o
                                0x114 (size before relaxing)
 .stab          0x000025ec      0x93c ./graphics.o
                                0xd68 (size before relaxing)
 .stab          0x00002f28     0x1764 ./lcd.o
                               0x1a10 (size before relaxing)
 .stab          0x0000468c      0x654 ./led.o
                                0x7d4 (size before relaxing)
 .stab          0x00004ce0     0x1224 ./main.o
                               0x126c (size before relaxing)
 .stab          0x00005f04     0x14c4 ./params.o
                               0x15d8 (size before relaxing)
 .stab          0x000073c8      0x9a8 ./sw.o
                                0x9f0 (size before relaxing)
 .stab          0x00007d70      0x60c ./uart.o
                                0x75c (size before relaxing)
 .stab          0x0000837c      0xdbc ./vfo.o
                                0xf0c (size before relaxing)
 .stab          0x00009138      0x33c ./workarounds.o
                                0x3cc (size before relaxing)

.stabstr        0x00000000     0x4d2b
 *(.stabstr)
 .stabstr       0x00000000     0x4d2b ./ElapsedTime.o

.stab.excl
 *(.stab.excl)

.stab.exclstr
 *(.stab.exclstr)

.stab.index
 *(.stab.index)

.stab.indexstr
 *(.stab.indexstr)

.comment        0x00000000       0x11
 *(.comment)
 .comment       0x00000000       0x11 ./ElapsedTime.o
                                 0x12 (size before relaxing)
 .comment       0x00000011       0x12 ./Encoder.o
 .comment       0x00000011       0x12 ./clock.o
 .comment       0x00000011       0x12 ./dds.o
 .comment       0x00000011       0x12 ./graphics.o
 .comment       0x00000011       0x12 ./lcd.o
 .comment       0x00000011       0x12 ./led.o
 .comment       0x00000011       0x12 ./main.o
 .comment       0x00000011       0x12 ./params.o
 .comment       0x00000011       0x12 ./sw.o
 .comment       0x00000011       0x12 ./uart.o
 .comment       0x00000011       0x12 ./vfo.o
 .comment       0x00000011       0x12 ./workarounds.o
 .comment       0x00000011       0x12 c:/program files (x86)/arduino/hardware/tools/avr/bin/../lib/gcc/avr/4.9.2/../../../../avr/lib/avr5\libc.a(malloc.o)
 .comment       0x00000011       0x12 c:/program files (x86)/arduino/hardware/tools/avr/bin/../lib/gcc/avr/4.9.2/../../../../avr/lib/avr5\libc.a(fwrite.o)
 .comment       0x00000011       0x12 c:/program files (x86)/arduino/hardware/tools/avr/bin/../lib/gcc/avr/4.9.2/../../../../avr/lib/avr5\libc.a(iob.o)
 .comment       0x00000011       0x12 c:/program files (x86)/arduino/hardware/tools/avr/bin/../lib/gcc/avr/4.9.2/../../../../avr/lib/avr5\libc.a(puts.o)
 .comment       0x00000011       0x12 c:/program files (x86)/arduino/hardware/tools/avr/bin/../lib/gcc/avr/4.9.2/../../../../avr/lib/avr5\libc.a(sprintf.o)
 .comment       0x00000011       0x12 c:/program files (x86)/arduino/hardware/tools/avr/bin/../lib/gcc/avr/4.9.2/../../../../avr/lib/avr5\libc.a(vfprintf_std.o)
 .comment       0x00000011       0x12 c:/program files (x86)/arduino/hardware/tools/avr/bin/../lib/gcc/avr/4.9.2/../../../../avr/lib/avr5\libc.a(fputc.o)

.note.gnu.avr.deviceinfo
                0x00000000       0x40
 .note.gnu.avr.deviceinfo
                0x00000000       0x40 c:/program files (x86)/arduino/hardware/tools/avr/bin/../lib/gcc/avr/4.9.2/../../../../avr/lib/avr5/crtatmega328p.o

.note.gnu.build-id
 *(.note.gnu.build-id)

.debug
 *(.debug)

.line
 *(.line)

.debug_srcinfo
 *(.debug_srcinfo)

.debug_sfnames
 *(.debug_sfnames)

.debug_aranges
 *(.debug_aranges)

.debug_pubnames
 *(.debug_pubnames)

.debug_info     0x00000000      0x5f4
 *(.debug_info .gnu.linkonce.wi.*)
 .debug_info    0x00000000      0x5f4 c:/program files (x86)/arduino/hardware/tools/avr/bin/../lib/gcc/avr/4.9.2/../../../../avr/lib/avr5/crtatmega328p.o

.debug_abbrev   0x00000000      0x5a2
 *(.debug_abbrev)
 .debug_abbrev  0x00000000      0x5a2 c:/program files (x86)/arduino/hardware/tools/avr/bin/../lib/gcc/avr/4.9.2/../../../../avr/lib/avr5/crtatmega328p.o

.debug_line     0x00000000       0x1a
 *(.debug_line .debug_line.* .debug_line_end)
 .debug_line    0x00000000       0x1a c:/program files (x86)/arduino/hardware/tools/avr/bin/../lib/gcc/avr/4.9.2/../../../../avr/lib/avr5/crtatmega328p.o

.debug_frame
 *(.debug_frame)

.debug_str      0x00000000      0x208
 *(.debug_str)
 .debug_str     0x00000000      0x208 c:/program files (x86)/arduino/hardware/tools/avr/bin/../lib/gcc/avr/4.9.2/../../../../avr/lib/avr5/crtatmega328p.o

.debug_loc
 *(.debug_loc)

.debug_macinfo
 *(.debug_macinfo)

.debug_weaknames
 *(.debug_weaknames)

.debug_funcnames
 *(.debug_funcnames)

.debug_typenames
 *(.debug_typenames)

.debug_varnames
 *(.debug_varnames)

.debug_pubtypes
 *(.debug_pubtypes)

.debug_ranges
 *(.debug_ranges)

.debug_macro
 *(.debug_macro)
OUTPUT(dds5a.elf elf32-avr)
LOAD linker stubs

Cross Reference Table

Symbol                                            File
DdsInit                                           ./dds.o
                                                  ./main.o
_Z6memcpyPvPKvj                                   ./params.o
_Z7usecDlyi                                       ./clock.o
                                                  ./lcd.o
_Z8lcd_putccP6__file                              ./lcd.o
                                                  ./main.o
_ZN11ElapsedTime7expiredEv                        ./ElapsedTime.o
_ZN11ElapsedTime8callbackEv                       ./ElapsedTime.o
_ZN11ElapsedTimeC1Ej                              ./ElapsedTime.o
_ZN11ElapsedTimeC2Ej                              ./ElapsedTime.o
_ZN2Sw10clearEventEv                              ./sw.o
                                                  ./params.o
                                                  ./main.o
                                                  ./Encoder.o
_ZN2Sw6updateEv                                   ./sw.o
_ZN2Sw8callbackEv                                 ./sw.o
_ZN2Sw8getEventEv                                 ./sw.o
                                                  ./params.o
                                                  ./main.o
                                                  ./Encoder.o
_ZN2Sw8hasEventEv                                 ./sw.o
                                                  ./params.o
                                                  ./main.o
                                                  ./Encoder.o
_ZN2Sw8isClosedEv                                 ./sw.o
                                                  ./Encoder.o
_ZN2SwC1Ehh                                       ./sw.o
                                                  ./main.o
                                                  ./Encoder.o
_ZN2SwC2Ehh                                       ./sw.o
_ZN2SwnwEj                                        ./Encoder.o
                                                  ./main.o
_ZN3Lcd10drawCursorEh                             ./lcd.o
_ZN3Lcd10mem_accessEv                             ./lcd.o
_ZN3Lcd10setBgColorEhhh                           ./lcd.o
_ZN3Lcd10setFgColorEhhh                           ./lcd.o
_ZN3Lcd11lcd_putcharEc                            ./lcd.o
_ZN3Lcd14lcdInitializedE                          ./lcd.o
_ZN3Lcd2onEv                                      ./lcd.o
_ZN3Lcd3offEv                                     ./lcd.o
_ZN3Lcd4putsEPKc                                  ./lcd.o
                                                  ./main.o
_ZN3Lcd4putsEPKc9_pixColor                        ./lcd.o
_ZN3Lcd4putsEPKc9_pixColorS2_                     ./lcd.o
                                                  ./params.o
_ZN3Lcd5resetEv                                   ./lcd.o
_ZN3Lcd6clrEolEv                                  ./lcd.o
_ZN3Lcd6cursorE                                   ./lcd.o
_ZN3Lcd6gotoxyEhh                                 ./lcd.o
                                                  ./params.o
                                                  ./main.o
_ZN3Lcd7bgColorE                                  ./lcd.o
                                                  ./graphics.o
_ZN3Lcd7clrScrnEv                                 ./lcd.o
_ZN3Lcd7fgColorE                                  ./lcd.o
                                                  ./graphics.o
_ZN3Lcd7sendCmdEh                                 ./lcd.o
                                                  ./graphics.o
_ZN3Lcd8cmpltCmdEv                                ./lcd.o
                                                  ./graphics.o
_ZN3Lcd8drawCharEchhh                             ./lcd.o
_ZN3Lcd8drawCharEchhh9_pixColorS0_                ./lcd.o
_ZN3Lcd8sendByteEh                                ./lcd.o
_ZN3Lcd8sendDataEPhh                              ./lcd.o
                                                  ./graphics.o
_ZN3Lcd9sleep_outEv                               ./lcd.o
_ZN3LcdC1Ev                                       ./lcd.o
                                                  ./main.o
_ZN3LcdC2Ev                                       ./lcd.o
                                                  ./main.o
_ZN3LcdnwEj                                       ./main.o
_ZN3Led10is_led_setEv                             ./led.o
_ZN3Led2onEv                                      ./led.o
_ZN3Led3offEv                                     ./led.o
_ZN3Led6toggleEv                                  ./led.o
_ZN3Led8callbackEv                                ./led.o
_ZN3LedC1Ev                                       ./led.o
                                                  ./main.o
_ZN3LedC2Ev                                       ./led.o
_ZN3LednwEj                                       ./main.o
_ZN3vfo13intToString32EmPc                        ./vfo.o
_ZN3vfo16getRxDisplayFreqEPc5_band                ./vfo.o
_ZN3vfo16getTxDisplayFreqEPc5_band                ./vfo.o
                                                  ./main.o
_ZN3vfo17formatDisplayFreqEPcS0_                  ./vfo.o
_ZN3vfo6updateEh                                  ./vfo.o
                                                  ./main.o
_ZN3vfo7getLineEv                                 ./vfo.o
                                                  ./main.o
_ZN3vfo7getStepEv                                 ./vfo.o
_ZN3vfo7setStepE6step_t                           ./vfo.o
                                                  ./main.o
_ZN3vfo9getRxFreqE5_band                          ./vfo.o
                                                  ./main.o
_ZN3vfo9getTxFreqE5_band                          ./vfo.o
                                                  ./main.o
_ZN3vfo9setActVfoE10vfo_actv_t                    ./vfo.o
_ZN3vfoC1EP7EncoderP13vfoParametersj              ./vfo.o
                                                  ./main.o
_ZN3vfoC2EP7EncoderP13vfoParametersj              ./vfo.o
_ZN3vfonwEj                                       ./main.o
_ZN5Clock10reloadTimeE                            ./clock.o
_ZN5Clock11singleTasksE                           ./clock.o
_ZN5Clock13cancelOneshotEi                        ./clock.o
                                                  ./params.o
_ZN5Clock13periodicTasksE                         ./clock.o
_ZN5Clock14cancelPeriodicEi                       ./clock.o
_ZN5Clock15oneshotTimeLeftE                       ./clock.o
_ZN5Clock15registerOneshotEP8Callbackj            ./clock.o
                                                  ./params.o
_ZN5Clock16periodicTimeLeftE                      ./clock.o
_ZN5Clock16registerPeriodicEP8Callbackj           ./clock.o
                                                  ./sw.o
                                                  ./led.o
                                                  ./Encoder.o
                                                  ./ElapsedTime.o
_ZN5Clock4tickEv                                  ./clock.o
_ZN5Clock5countE                                  ./clock.o
_ZN5Clock5delayEm                                 ./clock.o
                                                  ./lcd.o
_ZN5Clock8getTicksEv                              ./clock.o
_ZN5Clock8sysclockE                               ./clock.o
_ZN5Clock9delayTimeE                              ./clock.o
_ZN5ClockC1Ev                                     ./clock.o
                                                  ./main.o
_ZN5ClockC2Ev                                     ./clock.o
_ZN5ClockD1Ev                                     ./clock.o
_ZN5ClockD2Ev                                     ./clock.o
_ZN5ClocknwEj                                     ./main.o
_ZN6params10initParamsEP3Lcd                      ./params.o
_ZN6params11updateEnterEP7EncoderP2SwP3Lcd        ./params.o
                                                  ./main.o
_ZN6params12getActiveVfoEv                        ./params.o
                                                  ./main.o
_ZN6params12setActiveVfoE10vfo_actv_t             ./params.o
                                                  ./main.o
_ZN6params6getVfoEv                               ./params.o
                                                  ./main.o
_ZN6params6updateEP7EncoderP2SwP3Lcd              ./params.o
                                                  ./main.o
_ZN6params7getBandEv                              ./params.o
                                                  ./main.o
_ZN6params7getModeEv                              ./params.o
                                                  ./main.o
_ZN6params7getStepEv                              ./params.o
                                                  ./main.o
_ZN6params7setModeE7_mode_t                       ./params.o
                                                  ./main.o
_ZN6params8callbackEv                             ./params.o
_ZN6paramsC1EP8Graphics                           ./params.o
                                                  ./main.o
_ZN6paramsC2EP8Graphics                           ./params.o
_ZN6paramsnwEj                                    ./main.o
_ZN7Encoder10clearEventEv                         ./Encoder.o
                                                  ./params.o
                                                  ./main.o
_ZN7Encoder12setEventRateEh                       ./Encoder.o
                                                  ./params.o
_ZN7Encoder16getMissedCwCountEv                   ./Encoder.o
                                                  ./vfo.o
_ZN7Encoder17getMissedCcwCountEv                  ./Encoder.o
                                                  ./vfo.o
_ZN7Encoder6updateEv                              ./Encoder.o
_ZN7Encoder8callbackEv                            ./Encoder.o
_ZN7Encoder8getEventEv                            ./Encoder.o
                                                  ./vfo.o
                                                  ./params.o
_ZN7Encoder8hasEventEv                            ./Encoder.o
                                                  ./vfo.o
                                                  ./params.o
                                                  ./main.o
_ZN7EncoderC1Ehhh                                 ./Encoder.o
                                                  ./main.o
_ZN7EncoderC2Ehhh                                 ./Encoder.o
_ZN7EncodernwEj                                   ./main.o
_ZN8CallbackC1Ev                                  ./ElapsedTime.o
                                                  ./sw.o
                                                  ./params.o
                                                  ./led.o
                                                  ./Encoder.o
_ZN8CallbackC2Ev                                  ./ElapsedTime.o
                                                  ./sw.o
                                                  ./params.o
                                                  ./led.o
                                                  ./Encoder.o
_ZN8Graphics10draw2xCharEchh                      ./graphics.o
_ZN8Graphics10draw2xCharEchh9_pixColorS0_         ./graphics.o
                                                  ./main.o
_ZN8Graphics4rectE7_pixpsnjj9_pixColor            ./graphics.o
_ZN8Graphics6puts2xEPchh                          ./graphics.o
_ZN8GraphicsC1Ev                                  ./main.o
_ZN8GraphicsC2Ev                                  ./main.o
_ZN8GraphicsnwEj                                  ./main.o
_ZTV11ElapsedTime                                 ./ElapsedTime.o
_ZTV2Sw                                           ./sw.o
_ZTV3Led                                          ./led.o
_ZTV6params                                       ./params.o
_ZTV7Encoder                                      ./Encoder.o
_ZTV8Callback                                     ./ElapsedTime.o
                                                  ./sw.o
                                                  ./params.o
                                                  ./led.o
                                                  ./Encoder.o
_ZppR6_param                                      ./params.o
_ZppR6_parami                                     ./params.o
__FUSE_REGION_LENGTH__                            c:/program files (x86)/arduino/hardware/tools/avr/bin/../lib/gcc/avr/4.9.2/../../../../avr/lib/avr5/crtatmega328p.o
__bad_interrupt                                   c:/program files (x86)/arduino/hardware/tools/avr/bin/../lib/gcc/avr/4.9.2/../../../../avr/lib/avr5/crtatmega328p.o
__brkval                                          c:/program files (x86)/arduino/hardware/tools/avr/bin/../lib/gcc/avr/4.9.2/../../../../avr/lib/avr5\libc.a(malloc.o)
__bss_end                                         c:/program files (x86)/arduino/hardware/tools/avr/bin/../lib/gcc/avr/4.9.2/avr5\libgcc.a(_clear_bss.o)
__bss_start                                       c:/program files (x86)/arduino/hardware/tools/avr/bin/../lib/gcc/avr/4.9.2/avr5\libgcc.a(_clear_bss.o)
__cxa_guard_abort                                 ./workarounds.o
__cxa_guard_acquire                               ./workarounds.o
__cxa_guard_release                               ./workarounds.o
__cxa_pure_virtual                                ./workarounds.o
                                                  ./sw.o
                                                  ./params.o
                                                  ./led.o
                                                  ./Encoder.o
                                                  ./ElapsedTime.o
__data_end                                        c:/program files (x86)/arduino/hardware/tools/avr/bin/../lib/gcc/avr/4.9.2/avr5\libgcc.a(_copy_data.o)
__data_load_start                                 c:/program files (x86)/arduino/hardware/tools/avr/bin/../lib/gcc/avr/4.9.2/avr5\libgcc.a(_copy_data.o)
__data_start                                      c:/program files (x86)/arduino/hardware/tools/avr/bin/../lib/gcc/avr/4.9.2/avr5\libgcc.a(_copy_data.o)
__do_clear_bss                                    c:/program files (x86)/arduino/hardware/tools/avr/bin/../lib/gcc/avr/4.9.2/avr5\libgcc.a(_clear_bss.o)
                                                  c:/program files (x86)/arduino/hardware/tools/avr/bin/../lib/gcc/avr/4.9.2/../../../../avr/lib/avr5\libc.a(iob.o)
                                                  c:/program files (x86)/arduino/hardware/tools/avr/bin/../lib/gcc/avr/4.9.2/../../../../avr/lib/avr5\libc.a(malloc.o)
                                                  ./lcd.o
                                                  ./clock.o
__do_copy_data                                    c:/program files (x86)/arduino/hardware/tools/avr/bin/../lib/gcc/avr/4.9.2/avr5\libgcc.a(_copy_data.o)
                                                  c:/program files (x86)/arduino/hardware/tools/avr/bin/../lib/gcc/avr/4.9.2/../../../../avr/lib/avr5\libc.a(malloc.o)
                                                  ./vfo.o
                                                  ./sw.o
                                                  ./params.o
                                                  ./main.o
                                                  ./led.o
                                                  ./Encoder.o
                                                  ./ElapsedTime.o
__epilogue_restores__                             c:/program files (x86)/arduino/hardware/tools/avr/bin/../lib/gcc/avr/4.9.2/avr5\libgcc.a(_epilogue.o)
                                                  c:/program files (x86)/arduino/hardware/tools/avr/bin/../lib/gcc/avr/4.9.2/../../../../avr/lib/avr5\libc.a(vfprintf_std.o)
                                                  c:/program files (x86)/arduino/hardware/tools/avr/bin/../lib/gcc/avr/4.9.2/../../../../avr/lib/avr5\libc.a(sprintf.o)
                                                  c:/program files (x86)/arduino/hardware/tools/avr/bin/../lib/gcc/avr/4.9.2/../../../../avr/lib/avr5\libc.a(fwrite.o)
__fixunssfsi                                      c:/program files (x86)/arduino/hardware/tools/avr/bin/../lib/gcc/avr/4.9.2/../../../../avr/lib/avr5\libm.a(fixunssfsi.o)
                                                  ./dds.o
__floatsisf                                       c:/program files (x86)/arduino/hardware/tools/avr/bin/../lib/gcc/avr/4.9.2/../../../../avr/lib/avr5\libm.a(floatsisf.o)
__floatunsisf                                     c:/program files (x86)/arduino/hardware/tools/avr/bin/../lib/gcc/avr/4.9.2/../../../../avr/lib/avr5\libm.a(floatsisf.o)
                                                  ./vfo.o
__flp                                             c:/program files (x86)/arduino/hardware/tools/avr/bin/../lib/gcc/avr/4.9.2/../../../../avr/lib/avr5\libc.a(malloc.o)
__fp_inf                                          c:/program files (x86)/arduino/hardware/tools/avr/bin/../lib/gcc/avr/4.9.2/../../../../avr/lib/avr5\libm.a(fp_inf.o)
                                                  c:/program files (x86)/arduino/hardware/tools/avr/bin/../lib/gcc/avr/4.9.2/../../../../avr/lib/avr5\libm.a(mulsf3x.o)
__fp_nan                                          c:/program files (x86)/arduino/hardware/tools/avr/bin/../lib/gcc/avr/4.9.2/../../../../avr/lib/avr5\libm.a(fp_nan.o)
                                                  c:/program files (x86)/arduino/hardware/tools/avr/bin/../lib/gcc/avr/4.9.2/../../../../avr/lib/avr5\libm.a(mulsf3x.o)
__fp_pscA                                         c:/program files (x86)/arduino/hardware/tools/avr/bin/../lib/gcc/avr/4.9.2/../../../../avr/lib/avr5\libm.a(fp_pscA.o)
                                                  c:/program files (x86)/arduino/hardware/tools/avr/bin/../lib/gcc/avr/4.9.2/../../../../avr/lib/avr5\libm.a(mulsf3x.o)
__fp_pscB                                         c:/program files (x86)/arduino/hardware/tools/avr/bin/../lib/gcc/avr/4.9.2/../../../../avr/lib/avr5\libm.a(fp_pscB.o)
                                                  c:/program files (x86)/arduino/hardware/tools/avr/bin/../lib/gcc/avr/4.9.2/../../../../avr/lib/avr5\libm.a(mulsf3x.o)
__fp_round                                        c:/program files (x86)/arduino/hardware/tools/avr/bin/../lib/gcc/avr/4.9.2/../../../../avr/lib/avr5\libm.a(fp_round.o)
                                                  c:/program files (x86)/arduino/hardware/tools/avr/bin/../lib/gcc/avr/4.9.2/../../../../avr/lib/avr5\libm.a(mulsf3.o)
__fp_split3                                       c:/program files (x86)/arduino/hardware/tools/avr/bin/../lib/gcc/avr/4.9.2/../../../../avr/lib/avr5\libm.a(fp_split3.o)
                                                  c:/program files (x86)/arduino/hardware/tools/avr/bin/../lib/gcc/avr/4.9.2/../../../../avr/lib/avr5\libm.a(mulsf3x.o)
__fp_splitA                                       c:/program files (x86)/arduino/hardware/tools/avr/bin/../lib/gcc/avr/4.9.2/../../../../avr/lib/avr5\libm.a(fp_split3.o)
                                                  c:/program files (x86)/arduino/hardware/tools/avr/bin/../lib/gcc/avr/4.9.2/../../../../avr/lib/avr5\libm.a(fixunssfsi.o)
__fp_szero                                        c:/program files (x86)/arduino/hardware/tools/avr/bin/../lib/gcc/avr/4.9.2/../../../../avr/lib/avr5\libm.a(fp_zero.o)
                                                  c:/program files (x86)/arduino/hardware/tools/avr/bin/../lib/gcc/avr/4.9.2/../../../../avr/lib/avr5\libm.a(mulsf3x.o)
__fp_zero                                         c:/program files (x86)/arduino/hardware/tools/avr/bin/../lib/gcc/avr/4.9.2/../../../../avr/lib/avr5\libm.a(fp_zero.o)
                                                  c:/program files (x86)/arduino/hardware/tools/avr/bin/../lib/gcc/avr/4.9.2/../../../../avr/lib/avr5\libm.a(fixunssfsi.o)
__heap_end                                        c:/program files (x86)/arduino/hardware/tools/avr/bin/../lib/gcc/avr/4.9.2/../../../../avr/lib/avr5/crtatmega328p.o
                                                  c:/program files (x86)/arduino/hardware/tools/avr/bin/../lib/gcc/avr/4.9.2/../../../../avr/lib/avr5\libc.a(malloc.o)
__heap_start                                      c:/program files (x86)/arduino/hardware/tools/avr/bin/../lib/gcc/avr/4.9.2/../../../../avr/lib/avr5\libc.a(malloc.o)
__init                                            c:/program files (x86)/arduino/hardware/tools/avr/bin/../lib/gcc/avr/4.9.2/../../../../avr/lib/avr5/crtatmega328p.o
__iob                                             c:/program files (x86)/arduino/hardware/tools/avr/bin/../lib/gcc/avr/4.9.2/../../../../avr/lib/avr5\libc.a(iob.o)
                                                  c:/program files (x86)/arduino/hardware/tools/avr/bin/../lib/gcc/avr/4.9.2/../../../../avr/lib/avr5\libc.a(puts.o)
                                                  ./main.o
__malloc_heap_end                                 c:/program files (x86)/arduino/hardware/tools/avr/bin/../lib/gcc/avr/4.9.2/../../../../avr/lib/avr5\libc.a(malloc.o)
__malloc_heap_start                               c:/program files (x86)/arduino/hardware/tools/avr/bin/../lib/gcc/avr/4.9.2/../../../../avr/lib/avr5\libc.a(malloc.o)
__malloc_margin                                   c:/program files (x86)/arduino/hardware/tools/avr/bin/../lib/gcc/avr/4.9.2/../../../../avr/lib/avr5\libc.a(malloc.o)
__mulsf3                                          c:/program files (x86)/arduino/hardware/tools/avr/bin/../lib/gcc/avr/4.9.2/../../../../avr/lib/avr5\libm.a(mulsf3.o)
                                                  ./dds.o
__mulsf3_pse                                      c:/program files (x86)/arduino/hardware/tools/avr/bin/../lib/gcc/avr/4.9.2/../../../../avr/lib/avr5\libm.a(mulsf3x.o)
__mulsf3x                                         c:/program files (x86)/arduino/hardware/tools/avr/bin/../lib/gcc/avr/4.9.2/../../../../avr/lib/avr5\libm.a(mulsf3x.o)
                                                  c:/program files (x86)/arduino/hardware/tools/avr/bin/../lib/gcc/avr/4.9.2/../../../../avr/lib/avr5\libm.a(mulsf3.o)
__mulsi3                                          c:/program files (x86)/arduino/hardware/tools/avr/bin/../lib/gcc/avr/4.9.2/avr5\libgcc.a(_mulsi3.o)
                                                  ./vfo.o
__muluhisi3                                       c:/program files (x86)/arduino/hardware/tools/avr/bin/../lib/gcc/avr/4.9.2/avr5\libgcc.a(_muluhisi3.o)
                                                  c:/program files (x86)/arduino/hardware/tools/avr/bin/../lib/gcc/avr/4.9.2/avr5\libgcc.a(_mulsi3.o)
                                                  ./vfo.o
__prologue_saves__                                c:/program files (x86)/arduino/hardware/tools/avr/bin/../lib/gcc/avr/4.9.2/avr5\libgcc.a(_prologue.o)
                                                  c:/program files (x86)/arduino/hardware/tools/avr/bin/../lib/gcc/avr/4.9.2/../../../../avr/lib/avr5\libc.a(vfprintf_std.o)
                                                  c:/program files (x86)/arduino/hardware/tools/avr/bin/../lib/gcc/avr/4.9.2/../../../../avr/lib/avr5\libc.a(sprintf.o)
                                                  c:/program files (x86)/arduino/hardware/tools/avr/bin/../lib/gcc/avr/4.9.2/../../../../avr/lib/avr5\libc.a(fwrite.o)
__stack                                           c:/program files (x86)/arduino/hardware/tools/avr/bin/../lib/gcc/avr/4.9.2/../../../../avr/lib/avr5/crtatmega328p.o
__udivmodsi4                                      c:/program files (x86)/arduino/hardware/tools/avr/bin/../lib/gcc/avr/4.9.2/avr5\libgcc.a(_udivmodsi4.o)
                                                  ./vfo.o
__ultoa_invert                                    c:/program files (x86)/arduino/hardware/tools/avr/bin/../lib/gcc/avr/4.9.2/../../../../avr/lib/avr5\libc.a(ultoa_invert.o)
                                                  c:/program files (x86)/arduino/hardware/tools/avr/bin/../lib/gcc/avr/4.9.2/../../../../avr/lib/avr5\libc.a(vfprintf_std.o)
__umulhisi3                                       c:/program files (x86)/arduino/hardware/tools/avr/bin/../lib/gcc/avr/4.9.2/avr5\libgcc.a(_umulhisi3.o)
                                                  c:/program files (x86)/arduino/hardware/tools/avr/bin/../lib/gcc/avr/4.9.2/avr5\libgcc.a(_muluhisi3.o)
__vector_1                                        c:/program files (x86)/arduino/hardware/tools/avr/bin/../lib/gcc/avr/4.9.2/../../../../avr/lib/avr5/crtatmega328p.o
__vector_10                                       c:/program files (x86)/arduino/hardware/tools/avr/bin/../lib/gcc/avr/4.9.2/../../../../avr/lib/avr5/crtatmega328p.o
__vector_11                                       c:/program files (x86)/arduino/hardware/tools/avr/bin/../lib/gcc/avr/4.9.2/../../../../avr/lib/avr5/crtatmega328p.o
__vector_12                                       c:/program files (x86)/arduino/hardware/tools/avr/bin/../lib/gcc/avr/4.9.2/../../../../avr/lib/avr5/crtatmega328p.o
__vector_13                                       c:/program files (x86)/arduino/hardware/tools/avr/bin/../lib/gcc/avr/4.9.2/../../../../avr/lib/avr5/crtatmega328p.o
__vector_14                                       c:/program files (x86)/arduino/hardware/tools/avr/bin/../lib/gcc/avr/4.9.2/../../../../avr/lib/avr5/crtatmega328p.o
__vector_15                                       c:/program files (x86)/arduino/hardware/tools/avr/bin/../lib/gcc/avr/4.9.2/../../../../avr/lib/avr5/crtatmega328p.o
__vector_16                                       c:/program files (x86)/arduino/hardware/tools/avr/bin/../lib/gcc/avr/4.9.2/../../../../avr/lib/avr5/crtatmega328p.o
__vector_17                                       c:/program files (x86)/arduino/hardware/tools/avr/bin/../lib/gcc/avr/4.9.2/../../../../avr/lib/avr5/crtatmega328p.o
__vector_18                                       c:/program files (x86)/arduino/hardware/tools/avr/bin/../lib/gcc/avr/4.9.2/../../../../avr/lib/avr5/crtatmega328p.o
__vector_19                                       c:/program files (x86)/arduino/hardware/tools/avr/bin/../lib/gcc/avr/4.9.2/../../../../avr/lib/avr5/crtatmega328p.o
__vector_2                                        c:/program files (x86)/arduino/hardware/tools/avr/bin/../lib/gcc/avr/4.9.2/../../../../avr/lib/avr5/crtatmega328p.o
__vector_20                                       c:/program files (x86)/arduino/hardware/tools/avr/bin/../lib/gcc/avr/4.9.2/../../../../avr/lib/avr5/crtatmega328p.o
__vector_21                                       c:/program files (x86)/arduino/hardware/tools/avr/bin/../lib/gcc/avr/4.9.2/../../../../avr/lib/avr5/crtatmega328p.o
__vector_22                                       c:/program files (x86)/arduino/hardware/tools/avr/bin/../lib/gcc/avr/4.9.2/../../../../avr/lib/avr5/crtatmega328p.o
__vector_23                                       c:/program files (x86)/arduino/hardware/tools/avr/bin/../lib/gcc/avr/4.9.2/../../../../avr/lib/avr5/crtatmega328p.o
__vector_24                                       c:/program files (x86)/arduino/hardware/tools/avr/bin/../lib/gcc/avr/4.9.2/../../../../avr/lib/avr5/crtatmega328p.o
__vector_25                                       c:/program files (x86)/arduino/hardware/tools/avr/bin/../lib/gcc/avr/4.9.2/../../../../avr/lib/avr5/crtatmega328p.o
__vector_3                                        c:/program files (x86)/arduino/hardware/tools/avr/bin/../lib/gcc/avr/4.9.2/../../../../avr/lib/avr5/crtatmega328p.o
__vector_4                                        c:/program files (x86)/arduino/hardware/tools/avr/bin/../lib/gcc/avr/4.9.2/../../../../avr/lib/avr5/crtatmega328p.o
__vector_5                                        c:/program files (x86)/arduino/hardware/tools/avr/bin/../lib/gcc/avr/4.9.2/../../../../avr/lib/avr5/crtatmega328p.o
__vector_6                                        c:/program files (x86)/arduino/hardware/tools/avr/bin/../lib/gcc/avr/4.9.2/../../../../avr/lib/avr5/crtatmega328p.o
__vector_7                                        ./clock.o
                                                  c:/program files (x86)/arduino/hardware/tools/avr/bin/../lib/gcc/avr/4.9.2/../../../../avr/lib/avr5/crtatmega328p.o
__vector_8                                        c:/program files (x86)/arduino/hardware/tools/avr/bin/../lib/gcc/avr/4.9.2/../../../../avr/lib/avr5/crtatmega328p.o
__vector_9                                        c:/program files (x86)/arduino/hardware/tools/avr/bin/../lib/gcc/avr/4.9.2/../../../../avr/lib/avr5/crtatmega328p.o
__vector_default                                  c:/program files (x86)/arduino/hardware/tools/avr/bin/../lib/gcc/avr/4.9.2/../../../../avr/lib/avr5/crtatmega328p.o
__vectors                                         c:/program files (x86)/arduino/hardware/tools/avr/bin/../lib/gcc/avr/4.9.2/../../../../avr/lib/avr5/crtatmega328p.o
_exit                                             c:/program files (x86)/arduino/hardware/tools/avr/bin/../lib/gcc/avr/4.9.2/avr5\libgcc.a(_exit.o)
_getPixels                                        ./font.o
                                                  ./lcd.o
                                                  ./graphics.o
band_strings                                      ./params.o
dds                                               ./dds.o
                                                  ./main.o
default_param_display                             ./params.o
exit                                              c:/program files (x86)/arduino/hardware/tools/avr/bin/../lib/gcc/avr/4.9.2/avr5\libgcc.a(_exit.o)
                                                  c:/program files (x86)/arduino/hardware/tools/avr/bin/../lib/gcc/avr/4.9.2/../../../../avr/lib/avr5/crtatmega328p.o
fputc                                             c:/program files (x86)/arduino/hardware/tools/avr/bin/../lib/gcc/avr/4.9.2/../../../../avr/lib/avr5\libc.a(fputc.o)
                                                  c:/program files (x86)/arduino/hardware/tools/avr/bin/../lib/gcc/avr/4.9.2/../../../../avr/lib/avr5\libc.a(vfprintf_std.o)
free                                              c:/program files (x86)/arduino/hardware/tools/avr/bin/../lib/gcc/avr/4.9.2/../../../../avr/lib/avr5\libc.a(malloc.o)
fwrite                                            c:/program files (x86)/arduino/hardware/tools/avr/bin/../lib/gcc/avr/4.9.2/../../../../avr/lib/avr5\libc.a(fwrite.o)
                                                  ./main.o
hasChar                                           ./uart.o
key_strings                                       ./params.o
lcd_str                                           ./main.o
lcdfp                                             ./main.o
main                                              ./main.o
                                                  c:/program files (x86)/arduino/hardware/tools/avr/bin/../lib/gcc/avr/4.9.2/../../../../avr/lib/avr5/crtatmega328p.o
malloc                                            c:/program files (x86)/arduino/hardware/tools/avr/bin/../lib/gcc/avr/4.9.2/../../../../avr/lib/avr5\libc.a(malloc.o)
                                                  ./main.o
                                                  ./Encoder.o
puts                                              c:/program files (x86)/arduino/hardware/tools/avr/bin/../lib/gcc/avr/4.9.2/../../../../avr/lib/avr5\libc.a(puts.o)
                                                  ./main.o
sprintf                                           c:/program files (x86)/arduino/hardware/tools/avr/bin/../lib/gcc/avr/4.9.2/../../../../avr/lib/avr5\libc.a(sprintf.o)
                                                  ./params.o
step_strings                                      ./params.o
strlen                                            c:/program files (x86)/arduino/hardware/tools/avr/bin/../lib/gcc/avr/4.9.2/../../../../avr/lib/avr5\libc.a(strlen.o)
                                                  ./main.o
strnlen                                           c:/program files (x86)/arduino/hardware/tools/avr/bin/../lib/gcc/avr/4.9.2/../../../../avr/lib/avr5\libc.a(strnlen.o)
                                                  c:/program files (x86)/arduino/hardware/tools/avr/bin/../lib/gcc/avr/4.9.2/../../../../avr/lib/avr5\libc.a(vfprintf_std.o)
strnlen_P                                         c:/program files (x86)/arduino/hardware/tools/avr/bin/../lib/gcc/avr/4.9.2/../../../../avr/lib/avr5\libc.a(strnlen_P.o)
                                                  c:/program files (x86)/arduino/hardware/tools/avr/bin/../lib/gcc/avr/4.9.2/../../../../avr/lib/avr5\libc.a(vfprintf_std.o)
uart_getc                                         ./uart.o
                                                  ./main.o
uart_gets                                         ./uart.o
uart_init                                         ./uart.o
                                                  ./main.o
uart_putc                                         ./uart.o
                                                  ./main.o
uart_puts                                         ./uart.o
uart_str                                          ./main.o
vfoDataConst                                      ./vfo.o
                                                  ./main.o
vfo_strings                                       ./params.o
vfoact_strings                                    ./params.o
vfprintf                                          c:/program files (x86)/arduino/hardware/tools/avr/bin/../lib/gcc/avr/4.9.2/../../../../avr/lib/avr5\libc.a(vfprintf_std.o)
                                                  c:/program files (x86)/arduino/hardware/tools/avr/bin/../lib/gcc/avr/4.9.2/../../../../avr/lib/avr5\libc.a(sprintf.o)
