Archive member included to satisfy reference by file (symbol)

c:/program files (x86)/arduino/hardware/tools/avr/bin/../lib/gcc/avr/4.9.2/avr5\libgcc.a(_mulsi3.o)
                              ./vfo.o (__mulsi3)
c:/program files (x86)/arduino/hardware/tools/avr/bin/../lib/gcc/avr/4.9.2/avr5\libgcc.a(_udivmodhi4.o)
                              ./keyer.o (__udivmodhi4)
c:/program files (x86)/arduino/hardware/tools/avr/bin/../lib/gcc/avr/4.9.2/avr5\libgcc.a(_udivmodsi4.o)
                              ./vfo.o (__udivmodsi4)
c:/program files (x86)/arduino/hardware/tools/avr/bin/../lib/gcc/avr/4.9.2/avr5\libgcc.a(_exit.o)
                              c:/program files (x86)/arduino/hardware/tools/avr/bin/../lib/gcc/avr/4.9.2/../../../../avr/lib/avr5/crtatmega328p.o (exit)
c:/program files (x86)/arduino/hardware/tools/avr/bin/../lib/gcc/avr/4.9.2/avr5\libgcc.a(_copy_data.o)
                              ./ElapsedTime.o (__do_copy_data)
c:/program files (x86)/arduino/hardware/tools/avr/bin/../lib/gcc/avr/4.9.2/avr5\libgcc.a(_clear_bss.o)
                              ./clock.o (__do_clear_bss)
c:/program files (x86)/arduino/hardware/tools/avr/bin/../lib/gcc/avr/4.9.2/avr5\libgcc.a(_umulhisi3.o)
                              ./timer.o (__umulhisi3)
c:/program files (x86)/arduino/hardware/tools/avr/bin/../lib/gcc/avr/4.9.2/avr5\libgcc.a(_muluhisi3.o)
                              ./vfo.o (__muluhisi3)
c:/program files (x86)/arduino/hardware/tools/avr/bin/../lib/gcc/avr/4.9.2/avr5\libgcc.a(_mulshisi3.o)
                              ./vfo.o (__mulshisi3)
c:/program files (x86)/arduino/hardware/tools/avr/bin/../lib/gcc/avr/4.9.2/../../../../avr/lib/avr5\libm.a(fixunssfsi.o)
                              ./dds.o (__fixunssfsi)
c:/program files (x86)/arduino/hardware/tools/avr/bin/../lib/gcc/avr/4.9.2/../../../../avr/lib/avr5\libm.a(floatsisf.o)
                              ./vfo.o (__floatunsisf)
c:/program files (x86)/arduino/hardware/tools/avr/bin/../lib/gcc/avr/4.9.2/../../../../avr/lib/avr5\libm.a(fp_split3.o)
                              c:/program files (x86)/arduino/hardware/tools/avr/bin/../lib/gcc/avr/4.9.2/../../../../avr/lib/avr5\libm.a(fixunssfsi.o) (__fp_splitA)
c:/program files (x86)/arduino/hardware/tools/avr/bin/../lib/gcc/avr/4.9.2/../../../../avr/lib/avr5\libm.a(fp_zero.o)
                              c:/program files (x86)/arduino/hardware/tools/avr/bin/../lib/gcc/avr/4.9.2/../../../../avr/lib/avr5\libm.a(fixunssfsi.o) (__fp_zero)
c:/program files (x86)/arduino/hardware/tools/avr/bin/../lib/gcc/avr/4.9.2/../../../../avr/lib/avr5\libm.a(mulsf3.o)
                              ./dds.o (__mulsf3)
c:/program files (x86)/arduino/hardware/tools/avr/bin/../lib/gcc/avr/4.9.2/../../../../avr/lib/avr5\libm.a(mulsf3x.o)
                              c:/program files (x86)/arduino/hardware/tools/avr/bin/../lib/gcc/avr/4.9.2/../../../../avr/lib/avr5\libm.a(mulsf3.o) (__mulsf3x)
c:/program files (x86)/arduino/hardware/tools/avr/bin/../lib/gcc/avr/4.9.2/../../../../avr/lib/avr5\libm.a(fp_inf.o)
                              c:/program files (x86)/arduino/hardware/tools/avr/bin/../lib/gcc/avr/4.9.2/../../../../avr/lib/avr5\libm.a(mulsf3x.o) (__fp_inf)
c:/program files (x86)/arduino/hardware/tools/avr/bin/../lib/gcc/avr/4.9.2/../../../../avr/lib/avr5\libm.a(fp_nan.o)
                              c:/program files (x86)/arduino/hardware/tools/avr/bin/../lib/gcc/avr/4.9.2/../../../../avr/lib/avr5\libm.a(mulsf3x.o) (__fp_nan)
c:/program files (x86)/arduino/hardware/tools/avr/bin/../lib/gcc/avr/4.9.2/../../../../avr/lib/avr5\libm.a(fp_pscA.o)
                              c:/program files (x86)/arduino/hardware/tools/avr/bin/../lib/gcc/avr/4.9.2/../../../../avr/lib/avr5\libm.a(mulsf3x.o) (__fp_pscA)
c:/program files (x86)/arduino/hardware/tools/avr/bin/../lib/gcc/avr/4.9.2/../../../../avr/lib/avr5\libm.a(fp_pscB.o)
                              c:/program files (x86)/arduino/hardware/tools/avr/bin/../lib/gcc/avr/4.9.2/../../../../avr/lib/avr5\libm.a(mulsf3x.o) (__fp_pscB)
c:/program files (x86)/arduino/hardware/tools/avr/bin/../lib/gcc/avr/4.9.2/../../../../avr/lib/avr5\libm.a(fp_round.o)
                              c:/program files (x86)/arduino/hardware/tools/avr/bin/../lib/gcc/avr/4.9.2/../../../../avr/lib/avr5\libm.a(mulsf3.o) (__fp_round)
c:/program files (x86)/arduino/hardware/tools/avr/bin/../lib/gcc/avr/4.9.2/../../../../avr/lib/avr5\libc.a(malloc.o)
                              ./Encoder.o (malloc)
c:/program files (x86)/arduino/hardware/tools/avr/bin/../lib/gcc/avr/4.9.2/../../../../avr/lib/avr5\libc.a(fputs.o)
                              ./main.o (fputs)
c:/program files (x86)/arduino/hardware/tools/avr/bin/../lib/gcc/avr/4.9.2/../../../../avr/lib/avr5\libc.a(iob.o)
                              ./main.o (__iob)
c:/program files (x86)/arduino/hardware/tools/avr/bin/../lib/gcc/avr/4.9.2/../../../../avr/lib/avr5\libc.a(puts.o)
[...]
Memory Configuration

Name             Origin             Length             Attributes
text             0x00000000         0x00020000         xr
data             0x00800060         0x0000ffa0         rw !x
eeprom           0x00810000         0x00010000         rw !x
fuse             0x00820000         0x00000003         rw !x
lock             0x00830000         0x00000400         rw !x
signature        0x00840000         0x00000400         rw !x
user_signatures  0x00850000         0x00000400         rw !x
*default*        0x00000000         0xffffffff

Linker script and memory map

Address of section .data set to 0x800100
LOAD c:/program files (x86)/arduino/hardware/tools/avr/bin/../lib/gcc/avr/4.9.2/../../../../avr/lib/avr5/crtatmega328p.o
LOAD ./ElapsedTime.o
LOAD ./Encoder.o
LOAD ./clock.o
LOAD ./dds.o
LOAD ./font.o
LOAD ./graphics.o
LOAD ./keyer.o
LOAD ./lcd.o
LOAD ./led.o
LOAD ./listbox.o
LOAD ./main.o
LOAD ./params.o
LOAD ./relay.o
LOAD ./sw.o
LOAD ./timer.o
LOAD ./uart.o
LOAD ./vfo.o
LOAD ./workarounds.o
LOAD c:/program files (x86)/arduino/hardware/tools/avr/bin/../lib/gcc/avr/4.9.2/avr5\libgcc.a
LOAD c:/program files (x86)/arduino/hardware/tools/avr/bin/../lib/gcc/avr/4.9.2/../../../../avr/lib/avr5\libm.a
START GROUP
LOAD c:/program files (x86)/arduino/hardware/tools/avr/bin/../lib/gcc/avr/4.9.2/avr5\libgcc.a
LOAD c:/program files (x86)/arduino/hardware/tools/avr/bin/../lib/gcc/avr/4.9.2/../../../../avr/lib/avr5\libm.a
LOAD c:/program files (x86)/arduino/hardware/tools/avr/bin/../lib/gcc/avr/4.9.2/../../../../avr/lib/avr5\libc.a
LOAD c:/program files (x86)/arduino/hardware/tools/avr/bin/../lib/gcc/avr/4.9.2/../../../../avr/lib/avr5\libatmega328p.a
END GROUP
                0x00020000                __TEXT_REGION_LENGTH__ = DEFINED (__TEXT_REGION_LENGTH__)?__TEXT_REGION_LENGTH__:0x20000
                0x0000ffa0                __DATA_REGION_LENGTH__ = DEFINED (__DATA_REGION_LENGTH__)?__DATA_REGION_LENGTH__:0xffa0
                0x00010000                __EEPROM_REGION_LENGTH__ = DEFINED (__EEPROM_REGION_LENGTH__)?__EEPROM_REGION_LENGTH__:0x10000
                [0x00000003]                __FUSE_REGION_LENGTH__ = DEFINED (__FUSE_REGION_LENGTH__)?__FUSE_REGION_LENGTH__:0x400
                0x00000400                __LOCK_REGION_LENGTH__ = DEFINED (__LOCK_REGION_LENGTH__)?__LOCK_REGION_LENGTH__:0x400
                0x00000400                __SIGNATURE_REGION_LENGTH__ = DEFINED (__SIGNATURE_REGION_LENGTH__)?__SIGNATURE_REGION_LENGTH__:0x400
                0x00000400                __USER_SIGNATURE_REGION_LENGTH__ = DEFINED (__USER_SIGNATURE_REGION_LENGTH__)?__USER_SIGNATURE_REGION_LENGTH__:0x400

.hash
 *(.hash)

.dynsym
 *(.dynsym)

.dynstr
 *(.dynstr)

.gnu.version
 *(.gnu.version)

.gnu.version_d
 *(.gnu.version_d)

.gnu.version_r
 *(.gnu.version_r)

.rel.init
 *(.rel.init)

.rela.init
 *(.rela.init)

.rel.text
 *(.rel.text)
 *(.rel.text.*)
 *(.rel.gnu.linkonce.t*)

.rela.text
 *(.rela.text)
 *(.rela.text.*)
 *(.rela.gnu.linkonce.t*)

.rel.fini
 *(.rel.fini)

.rela.fini
 *(.rela.fini)

.rel.rodata
 *(.rel.rodata)
 *(.rel.rodata.*)
 *(.rel.gnu.linkonce.r*)

.rela.rodata
 *(.rela.rodata)
 *(.rela.rodata.*)
 *(.rela.gnu.linkonce.r*)

.rel.data
 *(.rel.data)
 *(.rel.data.*)
 *(.rel.gnu.linkonce.d*)

.rela.data
 *(.rela.data)
 *(.rela.data.*)
 *(.rela.gnu.linkonce.d*)

.rel.ctors
 *(.rel.ctors)

.rela.ctors
 *(.rela.ctors)

.rel.dtors
 *(.rel.dtors)

.rela.dtors
 *(.rela.dtors)

.rel.got
 *(.rel.got)

.rela.got
 *(.rela.got)

.rel.bss
 *(.rel.bss)

.rela.bss
 *(.rela.bss)

.rel.plt
 *(.rel.plt)

.rela.plt
 *(.rela.plt)

.text           0x00000000     0x36f0
 *(.vectors)
 .vectors       0x00000000       0x68 c:/program files (x86)/arduino/hardware/tools/avr/bin/../lib/gcc/avr/4.9.2/../../../../avr/lib/avr5/crtatmega328p.o
                0x00000000                __vector_default
                0x00000000                __vectors
 *(.vectors)
 *(.progmem.gcc*)
                0x00000068                . = ALIGN (0x2)
                0x00000068                __trampolines_start = .
 *(.trampolines)
 .trampolines   0x00000068        0x0 linker stubs
 *(.trampolines*)
                0x00000068                __trampolines_end = .
 *libprintf_flt.a:*(.progmem.data)
 *libc.a:*(.progmem.data)
 *(.progmem*)
                0x00000068                . = ALIGN (0x2)
 *(.jumptables)
 *(.jumptables*)
 *(.lowtext)
 *(.lowtext*)
                0x00000068                __ctors_start = .
 *(.ctors)
                0x00000068                __ctors_end = .
                0x00000068                __dtors_start = .
 *(.dtors)
                0x00000068                __dtors_end = .
 SORT(*)(.ctors)
 SORT(*)(.dtors)
 *(.init0)
 .init0         0x00000068        0x0 c:/program files (x86)/arduino/hardware/tools/avr/bin/../lib/gcc/avr/4.9.2/../../../../avr/lib/avr5/crtatmega328p.o
                0x00000068                __init
 *(.init0)
 *(.init1)
 *(.init1)
 *(.init2)
 .init2         0x00000068        0xc c:/program files (x86)/arduino/hardware/tools/avr/bin/../lib/gcc/avr/4.9.2/../../../../avr/lib/avr5/crtatmega328p.o
 *(.init2)
 *(.init3)
 *(.init3)
 *(.init4)
 .init4         0x00000074       0x16 c:/program files (x86)/arduino/hardware/tools/avr/bin/../lib/gcc/avr/4.9.2/avr5\libgcc.a(_copy_data.o)
                0x00000074                __do_copy_data
 .init4         0x0000008a       0x10 c:/program files (x86)/arduino/hardware/tools/avr/bin/../lib/gcc/avr/4.9.2/avr5\libgcc.a(_clear_bss.o)
                0x0000008a                __do_clear_bss
 *(.init4)
 *(.init5)
 *(.init5)
 *(.init6)
 *(.init6)
 *(.init7)
 *(.init7)
 *(.init8)
 *(.init8)
 *(.init9)
 .init9         0x0000009a        0x8 c:/program files (x86)/arduino/hardware/tools/avr/bin/../lib/gcc/avr/4.9.2/../../../../avr/lib/avr5/crtatmega328p.o
 *(.init9)
 *(.text)
 .text          0x000000a2        0x2 c:/program files (x86)/arduino/hardware/tools/avr/bin/../lib/gcc/avr/4.9.2/../../../../avr/lib/avr5/crtatmega328p.o
                0x000000a2                __vector_22
                0x000000a2                __vector_1
                0x000000a2                __vector_24
                0x000000a2                __vector_12
                0x000000a2                __bad_interrupt
                0x000000a2                __vector_6
                0x000000a2                __vector_3
                0x000000a2                __vector_23
                0x000000a2                __vector_25
                0x000000a2                __vector_13
                0x000000a2                __vector_17
                0x000000a2                __vector_19
                0x000000a2                __vector_5
                0x000000a2                __vector_4
                0x000000a2                __vector_9
                0x000000a2                __vector_2
                0x000000a2                __vector_21
                0x000000a2                __vector_15
                0x000000a2                __vector_8
                0x000000a2                __vector_14
                0x000000a2                __vector_10
                0x000000a2                __vector_16
                0x000000a2                __vector_18
                0x000000a2                __vector_20
 .text          0x000000a4      0x628 ./font.o
                0x000006a4                _getPixels
                0x000006cc                . = ALIGN (0x2)
 *(.text.*)
 .text._ZN7EncoderC2Ehhh
                0x000006cc       0xd6 ./Encoder.o
                0x000006cc                _ZN7EncoderC2Ehhh
                0x000006cc                _ZN7EncoderC1Ehhh
 .text._ZN7Encoder6updateEv
                0x000007a2       0xec ./Encoder.o
                0x000007a2                _ZN7Encoder6updateEv
 .text._ZN7Encoder8callbackEv
                0x0000088e        0x2 ./Encoder.o
                0x0000088e                _ZN7Encoder8callbackEv
 .text._ZN7Encoder8hasEventEv
                0x00000890       0x10 ./Encoder.o
                0x00000890                _ZN7Encoder8hasEventEv
 .text._ZN7Encoder8getEventEv
                0x000008a0        0x6 ./Encoder.o
                0x000008a0                _ZN7Encoder8getEventEv
 .text._ZN7Encoder10clearEventEv
                0x000008a6        0x6 ./Encoder.o
                0x000008a6                _ZN7Encoder10clearEventEv
 .text._ZN7Encoder16getMissedCwCountEv
                0x000008ac        0xc ./Encoder.o
                0x000008ac                _ZN7Encoder16getMissedCwCountEv
 .text._ZN7Encoder17getMissedCcwCountEv
                0x000008b8        0xc ./Encoder.o
                0x000008b8                _ZN7Encoder17getMissedCcwCountEv
 .text._ZN7Encoder12setEventRateEh
                0x000008c4        0xa ./Encoder.o
                0x000008c4                _ZN7Encoder12setEventRateEh
 .text._ZN5Clock4tickEv
                0x000008ce      0x114 ./clock.o
                0x000008ce                _ZN5Clock4tickEv
 .text.__vector_7
                0x000009e2       0x46 ./clock.o
                0x000009e2                __vector_7
 .text._ZN5Clock5delayEm
                0x00000a28       0x2a ./clock.o
                0x00000a28                _ZN5Clock5delayEm
 .text._ZN5Clock16registerPeriodicEP8Callbackj
                0x00000a52       0x4a ./clock.o
                0x00000a52                _ZN5Clock16registerPeriodicEP8Callbackj
 .text._ZN5Clock15registerOneshotEP8Callbackj
                0x00000a9c       0x48 ./clock.o
                0x00000a9c                _ZN5Clock15registerOneshotEP8Callbackj
 .text._ZN5Clock13cancelOneshotEi
                0x00000ae4       0x1a ./clock.o
                0x00000ae4                _ZN5Clock13cancelOneshotEi
 .text._ZN5ClockC2Ev
                0x00000afe       0x54 ./clock.o
                0x00000afe                _ZN5ClockC1Ev
                0x00000afe                _ZN5ClockC2Ev
 .text._Z7usecDlyi
                0x00000b52        0x2 ./clock.o
                0x00000b52                _Z7usecDlyi
 .text.DdsInit  0x00000b54       0x56 ./dds.o
                0x00000b54                DdsInit
 .text.dds      0x00000baa       0xa6 ./dds.o
                0x00000baa                dds
 .text._ZN8Graphics10draw2xCharEchh9_pixColorS0_
                0x00000c50      0x136 ./graphics.o
                0x00000c50                _ZN8Graphics10draw2xCharEchh9_pixColorS0_
 .text._ZN5keyer8callbackEv
                0x00000d86      0x17c ./keyer.o
                0x00000d86                _ZN5keyer8callbackEv
 .text._ZN5keyerC2EP2SwS1_P5relay
                0x00000f02       0x28 ./keyer.o
                0x00000f02                _ZN5keyerC1EP2SwS1_P5relay
                0x00000f02                _ZN5keyerC2EP2SwS1_P5relay
 .text._ZN5keyer6isIdleEv
                0x00000f2a        0xe ./keyer.o
                0x00000f2a                _ZN5keyer6isIdleEv
 .text._ZN5keyer6updateEv
                0x00000f38       0x1a ./keyer.o
                0x00000f38                _ZN5keyer6updateEv
 .text._ZN5keyer8setSpeedEh
                0x00000f52       0x1a ./keyer.o
                0x00000f52                _ZN5keyer8setSpeedEh
 .text._ZN5keyer7setModeE6_key_t
                0x00000f6c        0x6 ./keyer.o
                0x00000f6c                _ZN5keyer7setModeE6_key_t
 .text._ZN3Lcd5resetEv
                0x00000f72       0x3a ./lcd.o
                0x00000f72                _ZN3Lcd5resetEv
 .text._ZN3Lcd8sendByteEh
                0x00000fac       0x48 ./lcd.o
                0x00000fac                _ZN3Lcd8sendByteEh
 .text._ZN3Lcd7sendCmdEh
                0x00000ff4       0x22 ./lcd.o
                0x00000ff4                _ZN3Lcd7sendCmdEh
 .text._ZN3Lcd8sendDataEPhh
                0x00001016       0x52 ./lcd.o
                0x00001016                _ZN3Lcd8sendDataEPhh
 .text._ZN3Lcd8cmpltCmdEv
                0x00001068        0xa ./lcd.o
                0x00001068                _ZN3Lcd8cmpltCmdEv
 .text._ZN3Lcd2onEv
                0x00001072        0xc ./lcd.o
                0x00001072                _ZN3Lcd2onEv
 .text._ZN3Lcd9sleep_outEv
                0x0000107e        0xc ./lcd.o
                0x0000107e                _ZN3Lcd9sleep_outEv
 .text._ZN3Lcd10mem_accessEv
                0x0000108a       0x3a ./lcd.o
                0x0000108a                _ZN3Lcd10mem_accessEv
 .text._ZN3Lcd11lcd_putcharEc
                0x000010c4      0x158 ./lcd.o
                0x000010c4                _ZN3Lcd11lcd_putcharEc
 .text._ZN3Lcd8drawCharEchhh9_pixColorS0_
                0x0000121c      0x158 ./lcd.o
                0x0000121c                _ZN3Lcd8drawCharEchhh9_pixColorS0_
 .text._ZN3Lcd7clrScrnEv
                0x00001374       0xe2 ./lcd.o
                0x00001374                _ZN3Lcd7clrScrnEv
 .text._ZN3LcdC2Ev
                0x00001456       0xa0 ./lcd.o
                0x00001456                _ZN3LcdC2Ev
                0x00001456                _ZN3LcdC1Ev
 .text._ZN3Lcd4putsEPKc9_pixColorS2_
                0x000014f6       0x8a ./lcd.o
                0x000014f6                _ZN3Lcd4putsEPKc9_pixColorS2_
 .text._ZN3Lcd6gotoxyEhh
                0x00001580       0x12 ./lcd.o
                0x00001580                _ZN3Lcd6gotoxyEhh
 .text._Z8lcd_putccP6__file
                0x00001592        0x8 ./lcd.o
                0x00001592                _Z8lcd_putccP6__file
 .text._ZN3LedC2Ev
                0x0000159a       0x14 ./led.o
                0x0000159a                _ZN3LedC1Ev
                0x0000159a                _ZN3LedC2Ev
 .text._ZN3Led6toggleEv
                0x000015ae       0x22 ./led.o
                0x000015ae                _ZN3Led6toggleEv
 .text._ZN3Led8callbackEv
                0x000015d0        0x2 ./led.o
                0x000015d0                _ZN3Led8callbackEv
 .text.startup.main
                0x000015d2      0x5c4 ./main.o
                0x000015d2                main
 .text._ZN6params8callbackEv
                0x00001b96        0xc ./params.o
                0x00001b96                _ZN6params8callbackEv
 .text._Z6memcpyPvPKvj
                0x00001ba2       0x16 ./params.o
                0x00001ba2                _Z6memcpyPvPKvj
 .text._ZN6params10initParamsEP3Lcd
                0x00001bb8      0x1c0 ./params.o
                0x00001bb8                _ZN6params10initParamsEP3Lcd
 .text._ZN6paramsC2EP8Graphics
                0x00001d78       0x7a ./params.o
                0x00001d78                _ZN6paramsC1EP8Graphics
                0x00001d78                _ZN6paramsC2EP8Graphics
 .text._ZN6params7getStepEv
                0x00001df2        0x6 ./params.o
                0x00001df2                _ZN6params7getStepEv
 .text._ZN6params7getBandEv
                0x00001df8        0x6 ./params.o
                0x00001df8                _ZN6params7getBandEv
 .text._ZN6params6getVfoEv
                0x00001dfe        0x6 ./params.o
                0x00001dfe                _ZN6params6getVfoEv
 .text._ZN6params12getActiveVfoEv
                0x00001e04        0x6 ./params.o
                0x00001e04                _ZN6params12getActiveVfoEv
 .text._ZN6params7getModeEv
                0x00001e0a        0x6 ./params.o
                0x00001e0a                _ZN6params7getModeEv
 .text._ZN6params7setModeE7_mode_t
                0x00001e10        0x6 ./params.o
                0x00001e10                _ZN6params7setModeE7_mode_t
 .text._ZN6params8getSpeedEv
                0x00001e16        0x6 ./params.o
                0x00001e16                _ZN6params8getSpeedEv
 .text._ZN6params6getKeyEv
                0x00001e1c        0x6 ./params.o
                0x00001e1c                _ZN6params6getKeyEv
 .text._ZN6params12setActiveVfoE10vfo_actv_t
                0x00001e22       0x80 ./params.o
                0x00001e22                _ZN6params12setActiveVfoE10vfo_actv_t
 .text._ZN6params6updateEP7EncoderP2SwP3Lcd
                0x00001ea2      0x432 ./params.o
                0x00001ea2                _ZN6params6updateEP7EncoderP2SwP3Lcd
 .text._ZN6params11updateEnterEP7EncoderP2SwP3Lcd
                0x000022d4       0xc2 ./params.o
                0x000022d4                _ZN6params11updateEnterEP7EncoderP2SwP3Lcd
 .text._ZN5relayC2EP6params
                0x00002396        0x8 ./relay.o
                0x00002396                _ZN5relayC2EP6params
                0x00002396                _ZN5relayC1EP6params
 .text._ZN5relay6setVfoEP3vfo
                0x0000239e        0x8 ./relay.o
                0x0000239e                _ZN5relay6setVfoEP3vfo
 .text._ZN5relay7setBandE5_band
                0x000023a6        0x6 ./relay.o
                0x000023a6                _ZN5relay7setBandE5_band
 .text._ZN5relay8selectTxEb
                0x000023ac       0x48 ./relay.o
                0x000023ac                _ZN5relay8selectTxEb
 .text._ZN5relay8selectRxEb
                0x000023f4       0x48 ./relay.o
                0x000023f4                _ZN5relay8selectRxEb
 .text._ZN2SwC2Ehh
                0x0000243c       0x64 ./sw.o
                0x0000243c                _ZN2SwC2Ehh
                0x0000243c                _ZN2SwC1Ehh
 .text._ZN2Sw6updateEv
                0x000024a0       0x54 ./sw.o
                0x000024a0                _ZN2Sw6updateEv
 .text._ZN2Sw8callbackEv
                0x000024f4        0x2 ./sw.o
                0x000024f4                _ZN2Sw8callbackEv
 .text._ZN2Sw8hasEventEv
                0x000024f6       0x10 ./sw.o
                0x000024f6                _ZN2Sw8hasEventEv
 .text._ZN2Sw8getEventEv
                0x00002506        0x6 ./sw.o
                0x00002506                _ZN2Sw8getEventEv
 .text._ZN2Sw10clearEventEv
                0x0000250c        0x6 ./sw.o
                0x0000250c                _ZN2Sw10clearEventEv
 .text._ZN2Sw8isClosedEv
                0x00002512       0x10 ./sw.o
                0x00002512                _ZN2Sw8isClosedEv
 .text._ZN5TimerC2Ev
                0x00002522       0x2c ./timer.o
                0x00002522                _ZN5TimerC2Ev
                0x00002522                _ZN5TimerC1Ev
 .text._ZN5Timer10startTimerEP8Callbackj
                0x0000254e       0x42 ./timer.o
                0x0000254e                _ZN5Timer10startTimerEP8Callbackj
 .text._ZN5Timer7expiredEv
                0x00002590       0x26 ./timer.o
                0x00002590                _ZN5Timer7expiredEv
 .text.__vector_11
                0x000025b6       0x46 ./timer.o
                0x000025b6                __vector_11
 .text.uart_init
                0x000025fc       0x18 ./uart.o
                0x000025fc                uart_init
 .text.uart_getc
                0x00002614       0x10 ./uart.o
                0x00002614                uart_getc
 .text.uart_putc
                0x00002624       0x20 ./uart.o
                0x00002624                uart_putc
 .text._ZN3vfoC2EP7EncoderP13vfoParametersj
                0x00002644       0xf6 ./vfo.o
                0x00002644                _ZN3vfoC1EP7EncoderP13vfoParametersj
                0x00002644                _ZN3vfoC2EP7EncoderP13vfoParametersj
 .text._ZN3vfo6updateEh
                0x0000273a      0x15a ./vfo.o
                0x0000273a                _ZN3vfo6updateEh
 .text._ZN3vfo9getRxFreqE5_band
                0x00002894       0x46 ./vfo.o
                0x00002894                _ZN3vfo9getRxFreqE5_band
 .text._ZN3vfo9getTxFreqE5_band
                0x000028da       0x46 ./vfo.o
                0x000028da                _ZN3vfo9getTxFreqE5_band
 .text._ZN3vfo7setStepE6step_t
                0x00002920       0x2e ./vfo.o
                0x00002920                _ZN3vfo7setStepE6step_t
 .text._ZN3vfo13intToString32EmPc
                0x0000294e      0x14e ./vfo.o
                0x0000294e                _ZN3vfo13intToString32EmPc
 .text._ZN3vfo17formatDisplayFreqEPcS0_
                0x00002a9c       0x46 ./vfo.o
                0x00002a9c                _ZN3vfo17formatDisplayFreqEPcS0_
 .text._ZN3vfo16getTxDisplayFreqEPc5_band
                0x00002ae2       0x64 ./vfo.o
                0x00002ae2                _ZN3vfo16getTxDisplayFreqEPc5_band
 .text._ZN3vfo7getLineEv
                0x00002b46        0xc ./vfo.o
                0x00002b46                _ZN3vfo7getLineEv
 .text.libgcc.mul
                0x00002b52       0x1e c:/program files (x86)/arduino/hardware/tools/avr/bin/../lib/gcc/avr/4.9.2/avr5\libgcc.a(_mulsi3.o)
                0x00002b52                __mulsi3
 .text.libgcc.div
                0x00002b70       0x28 c:/program files (x86)/arduino/hardware/tools/avr/bin/../lib/gcc/avr/4.9.2/avr5\libgcc.a(_udivmodhi4.o)
                0x00002b70                __udivmodhi4
 .text.libgcc.div
                0x00002b98       0x44 c:/program files (x86)/arduino/hardware/tools/avr/bin/../lib/gcc/avr/4.9.2/avr5\libgcc.a(_udivmodsi4.o)
                0x00002b98                __udivmodsi4
 .text.libgcc.mul
                0x00002bdc       0x1e c:/program files (x86)/arduino/hardware/tools/avr/bin/../lib/gcc/avr/4.9.2/avr5\libgcc.a(_umulhisi3.o)
                0x00002bdc                __umulhisi3
 .text.libgcc.mul
                0x00002bfa       0x14 c:/program files (x86)/arduino/hardware/tools/avr/bin/../lib/gcc/avr/4.9.2/avr5\libgcc.a(_muluhisi3.o)
                0x00002bfa                __muluhisi3
 .text.libgcc.mul
                0x00002c0e        0xc c:/program files (x86)/arduino/hardware/tools/avr/bin/../lib/gcc/avr/4.9.2/avr5\libgcc.a(_mulshisi3.o)
                0x00002c0e                __mulshisi3
                0x00002c12                __mulohisi3
 .text.avr-libc.fplib
                0x00002c1a       0x58 c:/program files (x86)/arduino/hardware/tools/avr/bin/../lib/gcc/avr/4.9.2/../../../../avr/lib/avr5\libm.a(fixunssfsi.o)
                0x00002c1a                __fixunssfsi
 .text.avr-libc.fplib
                0x00002c72       0x7a c:/program files (x86)/arduino/hardware/tools/avr/bin/../lib/gcc/avr/4.9.2/../../../../avr/lib/avr5\libm.a(floatsisf.o)
                0x00002c72                __floatunsisf
                0x00002c76                __floatsisf
 .text.avr-libc.fplib
                0x00002cec       0x44 c:/program files (x86)/arduino/hardware/tools/avr/bin/../lib/gcc/avr/4.9.2/../../../../avr/lib/avr5\libm.a(fp_split3.o)
                0x00002cec                __fp_split3
                0x00002cfc                __fp_splitA
 .text.avr-libc.fplib
                0x00002d30        0xe c:/program files (x86)/arduino/hardware/tools/avr/bin/../lib/gcc/avr/4.9.2/../../../../avr/lib/avr5\libm.a(fp_zero.o)
                0x00002d30                __fp_zero
                0x00002d32                __fp_szero
 .text.avr-libc.fplib
                0x00002d3e        0x4 c:/program files (x86)/arduino/hardware/tools/avr/bin/../lib/gcc/avr/4.9.2/../../../../avr/lib/avr5\libm.a(mulsf3.o)
                0x00002d3e                __mulsf3
 .text.avr-libc.fplib
                0x00002d42       0xc2 c:/program files (x86)/arduino/hardware/tools/avr/bin/../lib/gcc/avr/4.9.2/../../../../avr/lib/avr5\libm.a(mulsf3x.o)
                0x00002d56                __mulsf3x
                0x00002d5a                __mulsf3_pse
 .text.avr-libc.fplib
                0x00002e04        0xc c:/program files (x86)/arduino/hardware/tools/avr/bin/../lib/gcc/avr/4.9.2/../../../../avr/lib/avr5\libm.a(fp_inf.o)
                0x00002e04                __fp_inf
 .text.avr-libc.fplib
                0x00002e10        0x6 c:/program files (x86)/arduino/hardware/tools/avr/bin/../lib/gcc/avr/4.9.2/../../../../avr/lib/avr5\libm.a(fp_nan.o)
                0x00002e10                __fp_nan
 .text.avr-libc.fplib
                0x00002e16        0xe c:/program files (x86)/arduino/hardware/tools/avr/bin/../lib/gcc/avr/4.9.2/../../../../avr/lib/avr5\libm.a(fp_pscA.o)
                0x00002e16                __fp_pscA
 .text.avr-libc.fplib
                0x00002e24        0xe c:/program files (x86)/arduino/hardware/tools/avr/bin/../lib/gcc/avr/4.9.2/../../../../avr/lib/avr5\libm.a(fp_pscB.o)
                0x00002e24                __fp_pscB
 .text.avr-libc.fplib
                0x00002e32       0x22 c:/program files (x86)/arduino/hardware/tools/avr/bin/../lib/gcc/avr/4.9.2/../../../../avr/lib/avr5\libm.a(fp_round.o)
                0x00002e32                __fp_round
 .text.avr-libc
                0x00002e54      0x25a c:/program files (x86)/arduino/hardware/tools/avr/bin/../lib/gcc/avr/4.9.2/../../../../avr/lib/avr5\libc.a(malloc.o)
                0x00002e54                malloc
                0x00002f7e                free
 .text.avr-libc
                0x000030ae       0x52 c:/program files (x86)/arduino/hardware/tools/avr/bin/../lib/gcc/avr/4.9.2/../../../../avr/lib/avr5\libc.a(fputs.o)
                0x000030ae                fputs
 .text.avr-libc
                0x00003100       0x60 c:/program files (x86)/arduino/hardware/tools/avr/bin/../lib/gcc/avr/4.9.2/../../../../avr/lib/avr5\libc.a(puts.o)
                0x00003100                puts
 .text.avr-libc
                0x00003160       0x40 c:/program files (x86)/arduino/hardware/tools/avr/bin/../lib/gcc/avr/4.9.2/../../../../avr/lib/avr5\libc.a(sprintf.o)
                0x00003160                sprintf
 .text.avr-libc
                0x000031a0      0x386 c:/program files (x86)/arduino/hardware/tools/avr/bin/../lib/gcc/avr/4.9.2/../../../../avr/lib/avr5\libc.a(vfprintf_std.o)
                0x000031a0                vfprintf
 .text.avr-libc
                0x00003526       0x16 c:/program files (x86)/arduino/hardware/tools/avr/bin/../lib/gcc/avr/4.9.2/../../../../avr/lib/avr5\libc.a(strnlen_P.o)
                0x00003526                strnlen_P
 .text.avr-libc
                0x0000353c       0x16 c:/program files (x86)/arduino/hardware/tools/avr/bin/../lib/gcc/avr/4.9.2/../../../../avr/lib/avr5\libc.a(strnlen.o)
                0x0000353c                strnlen
 .text.avr-libc
                0x00003552       0x70 c:/program files (x86)/arduino/hardware/tools/avr/bin/../lib/gcc/avr/4.9.2/../../../../avr/lib/avr5\libc.a(fputc.o)
                0x00003552                fputc
 .text.avr-libc
                0x000035c2       0xbc c:/program files (x86)/arduino/hardware/tools/avr/bin/../lib/gcc/avr/4.9.2/../../../../avr/lib/avr5\libc.a(ultoa_invert.o)
                0x000035c2                __ultoa_invert
 .text.libgcc.prologue
                0x0000367e       0x38 c:/program files (x86)/arduino/hardware/tools/avr/bin/../lib/gcc/avr/4.9.2/avr5\libgcc.a(_prologue.o)
                0x0000367e                __prologue_saves__
 .text.libgcc.prologue
                0x000036b6       0x36 c:/program files (x86)/arduino/hardware/tools/avr/bin/../lib/gcc/avr/4.9.2/avr5\libgcc.a(_epilogue.o)
                0x000036b6                __epilogue_restores__
                0x000036ec                . = ALIGN (0x2)
 *(.fini9)
 .fini9         0x000036ec        0x0 c:/program files (x86)/arduino/hardware/tools/avr/bin/../lib/gcc/avr/4.9.2/avr5\libgcc.a(_exit.o)
                0x000036ec                _exit
                0x000036ec                exit
 *(.fini9)
 *(.fini8)
 *(.fini8)
 *(.fini7)
 *(.fini7)
 *(.fini6)
 *(.fini6)
 *(.fini5)
 *(.fini5)
 *(.fini4)
 *(.fini4)
 *(.fini3)
 *(.fini3)
 *(.fini2)
 *(.fini2)
 *(.fini1)
 *(.fini1)
 *(.fini0)
 .fini0         0x000036ec        0x4 c:/program files (x86)/arduino/hardware/tools/avr/bin/../lib/gcc/avr/4.9.2/avr5\libgcc.a(_exit.o)
 *(.fini0)
                0x000036f0                _etext = .

.data           0x00800100      0x1fc load address 0x000036f0
                0x00800100                PROVIDE (__data_start, .)
 *(.data)
 .data          0x00800100        0x6 c:/program files (x86)/arduino/hardware/tools/avr/bin/../lib/gcc/avr/4.9.2/../../../../avr/lib/avr5\libc.a(malloc.o)
                0x00800100                __malloc_heap_end
                0x00800102                __malloc_heap_start
                0x00800104                __malloc_margin
 *(.data*)
 .data.lcdfp    0x00800106        0x2 ./main.o
                0x00800106                lcdfp
 .data.lcd_str  0x00800108        0xe ./main.o
                0x00800108                lcd_str
 .data.uart_str
                0x00800116        0xe ./main.o
                0x00800116                uart_str
 .data.default_param_display
                0x00800124       0x42 ./params.o
                0x00800124                default_param_display
 .data.key_strings
                0x00800166        0x6 ./params.o
                0x00800166                key_strings
 .data.vfoact_strings
                0x0080016c        0x4 ./params.o
                0x0080016c                vfoact_strings
 .data.vfo_strings
                0x00800170        0x6 ./params.o
                0x00800170                vfo_strings
 .data.step_strings
                0x00800176        0xa ./params.o
                0x00800176                step_strings
 .data.band_strings
                0x00800180       0x12 ./params.o
                0x00800180                band_strings
 .data.vfoDataConst
                0x00800192       0xa2 ./vfo.o
                0x00800192                vfoDataConst
 *(.rodata)
 *(.rodata*)
 .rodata._ZTV7Encoder
                0x00800234        0x6 ./Encoder.o
                0x00800234                _ZTV7Encoder
 .rodata._ZTV5keyer
                0x0080023a        0x6 ./keyer.o
                0x0080023a                _ZTV5keyer
 .rodata._ZTV3Led
                0x00800240        0x6 ./led.o
                0x00800240                _ZTV3Led
 .rodata.str1.1
                0x00800246       0x1a ./main.o
 .rodata.str1.1
                0x00800260       0x78 ./params.o
 .rodata._ZTV6params
                0x008002d8        0x6 ./params.o
                0x008002d8                _ZTV6params
 .rodata._ZTV2Sw
                0x008002de        0x6 ./sw.o
                0x008002de                _ZTV2Sw
 .rodata._ZL11step_values
                0x008002e4       0x18 ./vfo.o
 *(.gnu.linkonce.d*)
                0x008002fc                . = ALIGN (0x2)
                0x008002fc                _edata = .
                0x008002fc                PROVIDE (__data_end, .)

.bss            0x008002fc       0x59
                0x008002fc                PROVIDE (__bss_start, .)
 *(.bss)
 *(.bss*)
 .bss._ZN5Clock15oneshotTimeLeftE
                0x008002fc        0x4 ./clock.o
                0x008002fc                _ZN5Clock15oneshotTimeLeftE
 .bss._ZN5Clock16periodicTimeLeftE
                0x00800300       0x10 ./clock.o
                0x00800300                _ZN5Clock16periodicTimeLeftE
 .bss._ZN5Clock10reloadTimeE
                0x00800310       0x10 ./clock.o
                0x00800310                _ZN5Clock10reloadTimeE
 .bss._ZN5Clock11singleTasksE
                0x00800320        0x4 ./clock.o
                0x00800320                _ZN5Clock11singleTasksE
 .bss._ZN5Clock13periodicTasksE
                0x00800324       0x10 ./clock.o
                0x00800324                _ZN5Clock13periodicTasksE
 .bss._ZN5Clock5countE
                0x00800334        0x1 ./clock.o
                0x00800334                _ZN5Clock5countE
 .bss._ZN5Clock9delayTimeE
                0x00800335        0x4 ./clock.o
                0x00800335                _ZN5Clock9delayTimeE
 .bss._ZN5Clock8sysclockE
                0x00800339        0x4 ./clock.o
                0x00800339                _ZN5Clock8sysclockE
 .bss._ZN3Lcd14lcdInitializedE
                0x0080033d        0x1 ./lcd.o
                0x0080033d                _ZN3Lcd14lcdInitializedE
 .bss._ZN3Lcd6cursorE
                0x0080033e        0x4 ./lcd.o
                0x0080033e                _ZN3Lcd6cursorE
 .bss._ZN3Lcd7bgColorE
                0x00800342        0x3 ./lcd.o
                0x00800342                _ZN3Lcd7bgColorE
 .bss._ZN3Lcd7fgColorE
                0x00800345        0x3 ./lcd.o
                0x00800345                _ZN3Lcd7fgColorE
 .bss._ZN5Timer2cbE
                0x00800348        0x2 ./timer.o
                0x00800348                _ZN5Timer2cbE
 .bss._ZN5Timer11initializedE
                0x0080034a        0x1 ./timer.o
                0x0080034a                _ZN5Timer11initializedE
 *(COMMON)
 COMMON         0x0080034b        0x4 c:/program files (x86)/arduino/hardware/tools/avr/bin/../lib/gcc/avr/4.9.2/../../../../avr/lib/avr5\libc.a(malloc.o)
                0x0080034b                __brkval
                0x0080034d                __flp
 COMMON         0x0080034f        0x6 c:/program files (x86)/arduino/hardware/tools/avr/bin/../lib/gcc/avr/4.9.2/../../../../avr/lib/avr5\libc.a(iob.o)
                0x0080034f                __iob
                0x00800355                PROVIDE (__bss_end, .)
                0x000036f0                __data_load_start = LOADADDR (.data)
                0x000038ec                __data_load_end = (__data_load_start + SIZEOF (.data))

.noinit         0x00800355        0x0
                [!provide]                PROVIDE (__noinit_start, .)
 *(.noinit*)
                [!provide]                PROVIDE (__noinit_end, .)
                0x00800355                _end = .
                0x00800355                PROVIDE (__heap_start, .)

.eeprom         0x00810000        0x0
 *(.eeprom*)
                0x00810000                __eeprom_end = .

.fuse
 *(.fuse)
 *(.lfuse)
 *(.hfuse)
 *(.efuse)

.lock
 *(.lock*)

.signature
 *(.signature*)

.user_signatures
 *(.user_signatures*)

.stab
 *(.stab)

.stabstr
 *(.stabstr)

.stab.excl
 *(.stab.excl)

.stab.exclstr
 *(.stab.exclstr)

.stab.index
 *(.stab.index)

.stab.indexstr
 *(.stab.indexstr)

.comment        0x00000000       0x11
 *(.comment)
 .comment       0x00000000       0x11 ./Encoder.o
                                 0x12 (size before relaxing)
 .comment       0x00000011       0x12 ./clock.o
 .comment       0x00000011       0x12 ./dds.o
 .comment       0x00000011       0x12 ./graphics.o
 .comment       0x00000011       0x12 ./keyer.o
 .comment       0x00000011       0x12 ./lcd.o
 .comment       0x00000011       0x12 ./led.o
 .comment       0x00000011       0x12 ./main.o
 .comment       0x00000011       0x12 ./params.o
 .comment       0x00000011       0x12 ./relay.o
 .comment       0x00000011       0x12 ./sw.o
 .comment       0x00000011       0x12 ./timer.o
 .comment       0x00000011       0x12 ./uart.o
 .comment       0x00000011       0x12 ./vfo.o
 .comment       0x00000011       0x12 c:/program files (x86)/arduino/hardware/tools/avr/bin/../lib/gcc/avr/4.9.2/../../../../avr/lib/avr5\libc.a(malloc.o)
 .comment       0x00000011       0x12 c:/program files (x86)/arduino/hardware/tools/avr/bin/../lib/gcc/avr/4.9.2/../../../../avr/lib/avr5\libc.a(fputs.o)
 .comment       0x00000011       0x12 c:/program files (x86)/arduino/hardware/tools/avr/bin/../lib/gcc/avr/4.9.2/../../../../avr/lib/avr5\libc.a(iob.o)
 .comment       0x00000011       0x12 c:/program files (x86)/arduino/hardware/tools/avr/bin/../lib/gcc/avr/4.9.2/../../../../avr/lib/avr5\libc.a(puts.o)
 .comment       0x00000011       0x12 c:/program files (x86)/arduino/hardware/tools/avr/bin/../lib/gcc/avr/4.9.2/../../../../avr/lib/avr5\libc.a(sprintf.o)
 .comment       0x00000011       0x12 c:/program files (x86)/arduino/hardware/tools/avr/bin/../lib/gcc/avr/4.9.2/../../../../avr/lib/avr5\libc.a(vfprintf_std.o)
 .comment       0x00000011       0x12 c:/program files (x86)/arduino/hardware/tools/avr/bin/../lib/gcc/avr/4.9.2/../../../../avr/lib/avr5\libc.a(fputc.o)

.note.gnu.avr.deviceinfo
                0x00000000       0x40
 .note.gnu.avr.deviceinfo
                0x00000000       0x40 c:/program files (x86)/arduino/hardware/tools/avr/bin/../lib/gcc/avr/4.9.2/../../../../avr/lib/avr5/crtatmega328p.o

.note.gnu.build-id
 *(.note.gnu.build-id)

.debug
 *(.debug)

.line
 *(.line)

.debug_srcinfo
 *(.debug_srcinfo)

.debug_sfnames
 *(.debug_sfnames)

.debug_aranges
 *(.debug_aranges)

.debug_pubnames
 *(.debug_pubnames)

.debug_info     0x00000000      0x5f4
 *(.debug_info .gnu.linkonce.wi.*)
 .debug_info    0x00000000      0x5f4 c:/program files (x86)/arduino/hardware/tools/avr/bin/../lib/gcc/avr/4.9.2/../../../../avr/lib/avr5/crtatmega328p.o

.debug_abbrev   0x00000000      0x5a2
 *(.debug_abbrev)
 .debug_abbrev  0x00000000      0x5a2 c:/program files (x86)/arduino/hardware/tools/avr/bin/../lib/gcc/avr/4.9.2/../../../../avr/lib/avr5/crtatmega328p.o

.debug_line     0x00000000       0x1a
 *(.debug_line .debug_line.* .debug_line_end)
 .debug_line    0x00000000       0x1a c:/program files (x86)/arduino/hardware/tools/avr/bin/../lib/gcc/avr/4.9.2/../../../../avr/lib/avr5/crtatmega328p.o

.debug_frame
 *(.debug_frame)

.debug_str      0x00000000      0x208
 *(.debug_str)
 .debug_str     0x00000000      0x208 c:/program files (x86)/arduino/hardware/tools/avr/bin/../lib/gcc/avr/4.9.2/../../../../avr/lib/avr5/crtatmega328p.o

.debug_loc
 *(.debug_loc)

.debug_macinfo
 *(.debug_macinfo)

.debug_weaknames
 *(.debug_weaknames)

.debug_funcnames
 *(.debug_funcnames)

.debug_typenames
 *(.debug_typenames)

.debug_varnames
 *(.debug_varnames)

.debug_pubtypes
 *(.debug_pubtypes)

.debug_ranges
 *(.debug_ranges)

.debug_macro
 *(.debug_macro)
OUTPUT(dds5a.elf elf32-avr)
LOAD linker stubs

Cross Reference Table

Symbol                                            File
DdsInit                                           ./dds.o
                                                  ./main.o
_Z6memcpyPvPKvj                                   ./params.o
_Z7usecDlyi                                       ./clock.o
                                                  ./lcd.o
_Z8lcd_putccP6__file                              ./lcd.o
                                                  ./main.o
_ZN11ElapsedTime7expiredEv                        ./ElapsedTime.o
_ZN11ElapsedTime8callbackEv                       ./ElapsedTime.o
_ZN11ElapsedTimeC1Ej                              ./ElapsedTime.o
_ZN11ElapsedTimeC2Ej                              ./ElapsedTime.o
_ZN2Sw10clearEventEv                              ./sw.o
                                                  ./params.o
                                                  ./main.o
                                                  ./keyer.o
                                                  ./Encoder.o
_ZN2Sw6updateEv                                   ./sw.o
_ZN2Sw8callbackEv                                 ./sw.o
_ZN2Sw8getEventEv                                 ./sw.o
                                                  ./params.o
                                                  ./main.o
                                                  ./keyer.o
                                                  ./Encoder.o
_ZN2Sw8hasEventEv                                 ./sw.o
                                                  ./params.o
                                                  ./main.o
                                                  ./keyer.o
                                                  ./Encoder.o
_ZN2Sw8isClosedEv                                 ./sw.o
                                                  ./keyer.o
                                                  ./Encoder.o
_ZN2SwC1Ehh                                       ./sw.o
                                                  ./main.o
                                                  ./Encoder.o
_ZN2SwC2Ehh                                       ./sw.o
_ZN3Lcd10drawCursorEh                             ./lcd.o
_ZN3Lcd10mem_accessEv                             ./lcd.o
_ZN3Lcd10setBgColorEhhh                           ./lcd.o
_ZN3Lcd10setFgColorEhhh                           ./lcd.o
_ZN3Lcd11lcd_putcharEc                            ./lcd.o
_ZN3Lcd14lcdInitializedE                          ./lcd.o
_ZN3Lcd2onEv                                      ./lcd.o
_ZN3Lcd3offEv                                     ./lcd.o
_ZN3Lcd4putsEPKc                                  ./lcd.o
_ZN3Lcd4putsEPKc9_pixColor                        ./lcd.o
_ZN3Lcd4putsEPKc9_pixColorS2_                     ./lcd.o
                                                  ./params.o
_ZN3Lcd5resetEv                                   ./lcd.o
_ZN3Lcd6clrEolEv                                  ./lcd.o
_ZN3Lcd6cursorE                                   ./lcd.o
_ZN3Lcd6gotoxyEhh                                 ./lcd.o
                                                  ./params.o
                                                  ./main.o
_ZN3Lcd7bgColorE                                  ./lcd.o
                                                  ./graphics.o
_ZN3Lcd7clrScrnEv                                 ./lcd.o
_ZN3Lcd7fgColorE                                  ./lcd.o
                                                  ./graphics.o
_ZN3Lcd7sendCmdEh                                 ./lcd.o
                                                  ./graphics.o
_ZN3Lcd8cmpltCmdEv                                ./lcd.o
                                                  ./graphics.o
_ZN3Lcd8drawCharEchhh                             ./lcd.o
_ZN3Lcd8drawCharEchhh9_pixColorS0_                ./lcd.o
_ZN3Lcd8sendByteEh                                ./lcd.o
_ZN3Lcd8sendDataEPhh                              ./lcd.o
                                                  ./graphics.o
_ZN3Lcd9sleep_outEv                               ./lcd.o
_ZN3LcdC1Ev                                       ./lcd.o
                                                  ./main.o
_ZN3LcdC2Ev                                       ./lcd.o
                                                  ./main.o
_ZN3Led10is_led_setEv                             ./led.o
_ZN3Led2onEv                                      ./led.o
_ZN3Led3offEv                                     ./led.o
_ZN3Led6toggleEv                                  ./led.o
_ZN3Led8callbackEv                                ./led.o
_ZN3LedC1Ev                                       ./led.o
                                                  ./main.o
_ZN3LedC2Ev                                       ./led.o
_ZN3vfo13intToString32EmPc                        ./vfo.o
_ZN3vfo16getRxDisplayFreqEPc5_band                ./vfo.o
_ZN3vfo16getTxDisplayFreqEPc5_band                ./vfo.o
                                                  ./main.o
_ZN3vfo17formatDisplayFreqEPcS0_                  ./vfo.o
_ZN3vfo6updateEh                                  ./vfo.o
                                                  ./main.o
_ZN3vfo7getLineEv                                 ./vfo.o
                                                  ./main.o
_ZN3vfo7getStepEv                                 ./vfo.o
_ZN3vfo7setStepE6step_t                           ./vfo.o
                                                  ./main.o
_ZN3vfo9getRxFreqE5_band                          ./vfo.o
                                                  ./relay.o
                                                  ./main.o
_ZN3vfo9getTxFreqE5_band                          ./vfo.o
                                                  ./relay.o
                                                  ./main.o
_ZN3vfo9setActVfoE10vfo_actv_t                    ./vfo.o
_ZN3vfoC1EP7EncoderP13vfoParametersj              ./vfo.o
                                                  ./main.o
_ZN3vfoC2EP7EncoderP13vfoParametersj              ./vfo.o
_ZN5Clock10reloadTimeE                            ./clock.o
_ZN5Clock11singleTasksE                           ./clock.o
_ZN5Clock13cancelOneshotEi                        ./clock.o
                                                  ./params.o
_ZN5Clock13periodicTasksE                         ./clock.o
_ZN5Clock14cancelPeriodicEi                       ./clock.o
_ZN5Clock15oneshotTimeLeftE                       ./clock.o
_ZN5Clock15registerOneshotEP8Callbackj            ./clock.o
                                                  ./params.o
_ZN5Clock16periodicTimeLeftE                      ./clock.o
_ZN5Clock16registerPeriodicEP8Callbackj           ./clock.o
                                                  ./sw.o
                                                  ./led.o
                                                  ./Encoder.o
                                                  ./ElapsedTime.o
_ZN5Clock4tickEv                                  ./clock.o
_ZN5Clock5countE                                  ./clock.o
_ZN5Clock5delayEm                                 ./clock.o
                                                  ./lcd.o
_ZN5Clock8getTicksEv                              ./clock.o
_ZN5Clock8sysclockE                               ./clock.o
_ZN5Clock9delayTimeE                              ./clock.o
_ZN5ClockC1Ev                                     ./clock.o
                                                  ./main.o
_ZN5ClockC2Ev                                     ./clock.o
_ZN5ClockD1Ev                                     ./clock.o
_ZN5ClockD2Ev                                     ./clock.o
_ZN5Timer10startTimerEP8Callbackj                 ./timer.o
                                                  ./keyer.o
_ZN5Timer11cancelTimerEv                          ./timer.o
_ZN5Timer11initializedE                           ./timer.o
_ZN5Timer2cbE                                     ./timer.o
_ZN5Timer7expiredEv                               ./timer.o
_ZN5TimerC1Ev                                     ./timer.o
                                                  ./main.o
_ZN5TimerC2Ev                                     ./timer.o
_ZN5keyer6isIdleEv                                ./keyer.o
                                                  ./main.o
_ZN5keyer6updateEv                                ./keyer.o
                                                  ./main.o
_ZN5keyer7setModeE6_key_t                         ./keyer.o
                                                  ./main.o
_ZN5keyer8callbackEv                              ./keyer.o
_ZN5keyer8getStateEv                              ./keyer.o
_ZN5keyer8setSpeedEh                              ./keyer.o
                                                  ./main.o
_ZN5keyerC1EP2SwS1_P5relay                        ./keyer.o
                                                  ./main.o
_ZN5keyerC2EP2SwS1_P5relay                        ./keyer.o
_ZN5relay6setVfoEP3vfo                            ./relay.o
                                                  ./main.o
_ZN5relay7setBandE5_band                          ./relay.o
                                                  ./main.o
_ZN5relay8selectRxEb                              ./relay.o
                                                  ./main.o
                                                  ./keyer.o
_ZN5relay8selectTxEb                              ./relay.o
                                                  ./main.o
                                                  ./keyer.o
_ZN5relayC1EP6params                              ./relay.o
                                                  ./main.o
_ZN5relayC2EP6params                              ./relay.o
_ZN6params10initParamsEP3Lcd                      ./params.o
_ZN6params11updateEnterEP7EncoderP2SwP3Lcd        ./params.o
                                                  ./main.o
_ZN6params12getActiveVfoEv                        ./params.o
                                                  ./main.o
_ZN6params12setActiveVfoE10vfo_actv_t             ./params.o
                                                  ./relay.o
                                                  ./main.o
_ZN6params6getKeyEv                               ./params.o
                                                  ./main.o
_ZN6params6getVfoEv                               ./params.o
                                                  ./main.o
_ZN6params6updateEP7EncoderP2SwP3Lcd              ./params.o
                                                  ./main.o
_ZN6params7getBandEv                              ./params.o
                                                  ./main.o
_ZN6params7getModeEv                              ./params.o
                                                  ./main.o
_ZN6params7getStepEv                              ./params.o
                                                  ./main.o
_ZN6params7setModeE7_mode_t                       ./params.o
                                                  ./main.o
_ZN6params8callbackEv                             ./params.o
_ZN6params8getSpeedEv                             ./params.o
                                                  ./main.o
_ZN6paramsC1EP8Graphics                           ./params.o
                                                  ./main.o
_ZN6paramsC2EP8Graphics                           ./params.o
_ZN7Encoder10clearEventEv                         ./Encoder.o
                                                  ./params.o
                                                  ./main.o
_ZN7Encoder12setEventRateEh                       ./Encoder.o
                                                  ./params.o
_ZN7Encoder16getMissedCwCountEv                   ./Encoder.o
                                                  ./vfo.o
_ZN7Encoder17getMissedCcwCountEv                  ./Encoder.o
                                                  ./vfo.o
_ZN7Encoder6updateEv                              ./Encoder.o
_ZN7Encoder8callbackEv                            ./Encoder.o
_ZN7Encoder8getEventEv                            ./Encoder.o
                                                  ./vfo.o
                                                  ./params.o
_ZN7Encoder8hasEventEv                            ./Encoder.o
                                                  ./vfo.o
                                                  ./params.o
                                                  ./main.o
_ZN7EncoderC1Ehhh                                 ./Encoder.o
                                                  ./main.o
_ZN7EncoderC2Ehhh                                 ./Encoder.o
_ZN8Graphics10draw2xCharEchh                      ./graphics.o
_ZN8Graphics10draw2xCharEchh9_pixColorS0_         ./graphics.o
                                                  ./main.o
_ZN8Graphics4rectE7_pixpsnjj9_pixColor            ./graphics.o
_ZN8Graphics6puts2xEPchh                          ./graphics.o
_ZTV11ElapsedTime                                 ./ElapsedTime.o
_ZTV2Sw                                           ./sw.o
_ZTV3Led                                          ./led.o
_ZTV5keyer                                        ./keyer.o
_ZTV6params                                       ./params.o
_ZTV7Encoder                                      ./Encoder.o
_ZppR6_param                                      ./params.o
_ZppR6_parami                                     ./params.o
__FUSE_REGION_LENGTH__                            c:/program files (x86)/arduino/hardware/tools/avr/bin/../lib/gcc/avr/4.9.2/../../../../avr/lib/avr5/crtatmega328p.o
__bad_interrupt                                   c:/program files (x86)/arduino/hardware/tools/avr/bin/../lib/gcc/avr/4.9.2/../../../../avr/lib/avr5/crtatmega328p.o
__brkval                                          c:/program files (x86)/arduino/hardware/tools/avr/bin/../lib/gcc/avr/4.9.2/../../../../avr/lib/avr5\libc.a(malloc.o)
__bss_end                                         c:/program files (x86)/arduino/hardware/tools/avr/bin/../lib/gcc/avr/4.9.2/avr5\libgcc.a(_clear_bss.o)
__bss_start                                       c:/program files (x86)/arduino/hardware/tools/avr/bin/../lib/gcc/avr/4.9.2/avr5\libgcc.a(_clear_bss.o)
__cxa_guard_abort                                 ./workarounds.o
__cxa_guard_acquire                               ./workarounds.o
__cxa_guard_release                               ./workarounds.o
__cxa_pure_virtual                                ./workarounds.o
__data_end                                        c:/program files (x86)/arduino/hardware/tools/avr/bin/../lib/gcc/avr/4.9.2/avr5\libgcc.a(_copy_data.o)
__data_load_start                                 c:/program files (x86)/arduino/hardware/tools/avr/bin/../lib/gcc/avr/4.9.2/avr5\libgcc.a(_copy_data.o)
__data_start                                      c:/program files (x86)/arduino/hardware/tools/avr/bin/../lib/gcc/avr/4.9.2/avr5\libgcc.a(_copy_data.o)
__do_clear_bss                                    c:/program files (x86)/arduino/hardware/tools/avr/bin/../lib/gcc/avr/4.9.2/avr5\libgcc.a(_clear_bss.o)
                                                  c:/program files (x86)/arduino/hardware/tools/avr/bin/../lib/gcc/avr/4.9.2/../../../../avr/lib/avr5\libc.a(iob.o)
                                                  c:/program files (x86)/arduino/hardware/tools/avr/bin/../lib/gcc/avr/4.9.2/../../../../avr/lib/avr5\libc.a(malloc.o)
                                                  ./timer.o
                                                  ./lcd.o
                                                  ./clock.o
__do_copy_data                                    c:/program files (x86)/arduino/hardware/tools/avr/bin/../lib/gcc/avr/4.9.2/avr5\libgcc.a(_copy_data.o)
                                                  c:/program files (x86)/arduino/hardware/tools/avr/bin/../lib/gcc/avr/4.9.2/../../../../avr/lib/avr5\libc.a(malloc.o)
                                                  ./vfo.o
                                                  ./sw.o
                                                  ./params.o
                                                  ./main.o
                                                  ./led.o
                                                  ./keyer.o
                                                  ./Encoder.o
                                                  ./ElapsedTime.o
__epilogue_restores__                             c:/program files (x86)/arduino/hardware/tools/avr/bin/../lib/gcc/avr/4.9.2/avr5\libgcc.a(_epilogue.o)
                                                  c:/program files (x86)/arduino/hardware/tools/avr/bin/../lib/gcc/avr/4.9.2/../../../../avr/lib/avr5\libc.a(vfprintf_std.o)
                                                  c:/program files (x86)/arduino/hardware/tools/avr/bin/../lib/gcc/avr/4.9.2/../../../../avr/lib/avr5\libc.a(sprintf.o)
                                                  c:/program files (x86)/arduino/hardware/tools/avr/bin/../lib/gcc/avr/4.9.2/../../../../avr/lib/avr5\libc.a(fputs.o)
__fixunssfsi                                      c:/program files (x86)/arduino/hardware/tools/avr/bin/../lib/gcc/avr/4.9.2/../../../../avr/lib/avr5\libm.a(fixunssfsi.o)
                                                  ./dds.o
__floatsisf                                       c:/program files (x86)/arduino/hardware/tools/avr/bin/../lib/gcc/avr/4.9.2/../../../../avr/lib/avr5\libm.a(floatsisf.o)
__floatunsisf                                     c:/program files (x86)/arduino/hardware/tools/avr/bin/../lib/gcc/avr/4.9.2/../../../../avr/lib/avr5\libm.a(floatsisf.o)
                                                  ./vfo.o
__flp                                             c:/program files (x86)/arduino/hardware/tools/avr/bin/../lib/gcc/avr/4.9.2/../../../../avr/lib/avr5\libc.a(malloc.o)
__fp_inf                                          c:/program files (x86)/arduino/hardware/tools/avr/bin/../lib/gcc/avr/4.9.2/../../../../avr/lib/avr5\libm.a(fp_inf.o)
                                                  c:/program files (x86)/arduino/hardware/tools/avr/bin/../lib/gcc/avr/4.9.2/../../../../avr/lib/avr5\libm.a(mulsf3x.o)
__fp_nan                                          c:/program files (x86)/arduino/hardware/tools/avr/bin/../lib/gcc/avr/4.9.2/../../../../avr/lib/avr5\libm.a(fp_nan.o)
                                                  c:/program files (x86)/arduino/hardware/tools/avr/bin/../lib/gcc/avr/4.9.2/../../../../avr/lib/avr5\libm.a(mulsf3x.o)
__fp_pscA                                         c:/program files (x86)/arduino/hardware/tools/avr/bin/../lib/gcc/avr/4.9.2/../../../../avr/lib/avr5\libm.a(fp_pscA.o)
                                                  c:/program files (x86)/arduino/hardware/tools/avr/bin/../lib/gcc/avr/4.9.2/../../../../avr/lib/avr5\libm.a(mulsf3x.o)
__fp_pscB                                         c:/program files (x86)/arduino/hardware/tools/avr/bin/../lib/gcc/avr/4.9.2/../../../../avr/lib/avr5\libm.a(fp_pscB.o)
                                                  c:/program files (x86)/arduino/hardware/tools/avr/bin/../lib/gcc/avr/4.9.2/../../../../avr/lib/avr5\libm.a(mulsf3x.o)
__fp_round                                        c:/program files (x86)/arduino/hardware/tools/avr/bin/../lib/gcc/avr/4.9.2/../../../../avr/lib/avr5\libm.a(fp_round.o)
                                                  c:/program files (x86)/arduino/hardware/tools/avr/bin/../lib/gcc/avr/4.9.2/../../../../avr/lib/avr5\libm.a(mulsf3.o)
__fp_split3                                       c:/program files (x86)/arduino/hardware/tools/avr/bin/../lib/gcc/avr/4.9.2/../../../../avr/lib/avr5\libm.a(fp_split3.o)
                                                  c:/program files (x86)/arduino/hardware/tools/avr/bin/../lib/gcc/avr/4.9.2/../../../../avr/lib/avr5\libm.a(mulsf3x.o)
__fp_splitA                                       c:/program files (x86)/arduino/hardware/tools/avr/bin/../lib/gcc/avr/4.9.2/../../../../avr/lib/avr5\libm.a(fp_split3.o)
                                                  c:/program files (x86)/arduino/hardware/tools/avr/bin/../lib/gcc/avr/4.9.2/../../../../avr/lib/avr5\libm.a(fixunssfsi.o)
__fp_szero                                        c:/program files (x86)/arduino/hardware/tools/avr/bin/../lib/gcc/avr/4.9.2/../../../../avr/lib/avr5\libm.a(fp_zero.o)
                                                  c:/program files (x86)/arduino/hardware/tools/avr/bin/../lib/gcc/avr/4.9.2/../../../../avr/lib/avr5\libm.a(mulsf3x.o)
__fp_zero                                         c:/program files (x86)/arduino/hardware/tools/avr/bin/../lib/gcc/avr/4.9.2/../../../../avr/lib/avr5\libm.a(fp_zero.o)
                                                  c:/program files (x86)/arduino/hardware/tools/avr/bin/../lib/gcc/avr/4.9.2/../../../../avr/lib/avr5\libm.a(fixunssfsi.o)
__heap_end                                        c:/program files (x86)/arduino/hardware/tools/avr/bin/../lib/gcc/avr/4.9.2/../../../../avr/lib/avr5/crtatmega328p.o
                                                  c:/program files (x86)/arduino/hardware/tools/avr/bin/../lib/gcc/avr/4.9.2/../../../../avr/lib/avr5\libc.a(malloc.o)
__heap_start                                      c:/program files (x86)/arduino/hardware/tools/avr/bin/../lib/gcc/avr/4.9.2/../../../../avr/lib/avr5\libc.a(malloc.o)
__init                                            c:/program files (x86)/arduino/hardware/tools/avr/bin/../lib/gcc/avr/4.9.2/../../../../avr/lib/avr5/crtatmega328p.o
__iob                                             c:/program files (x86)/arduino/hardware/tools/avr/bin/../lib/gcc/avr/4.9.2/../../../../avr/lib/avr5\libc.a(iob.o)
                                                  c:/program files (x86)/arduino/hardware/tools/avr/bin/../lib/gcc/avr/4.9.2/../../../../avr/lib/avr5\libc.a(puts.o)
                                                  ./main.o
__malloc_heap_end                                 c:/program files (x86)/arduino/hardware/tools/avr/bin/../lib/gcc/avr/4.9.2/../../../../avr/lib/avr5\libc.a(malloc.o)
__malloc_heap_start                               c:/program files (x86)/arduino/hardware/tools/avr/bin/../lib/gcc/avr/4.9.2/../../../../avr/lib/avr5\libc.a(malloc.o)
__malloc_margin                                   c:/program files (x86)/arduino/hardware/tools/avr/bin/../lib/gcc/avr/4.9.2/../../../../avr/lib/avr5\libc.a(malloc.o)
__mulohisi3                                       c:/program files (x86)/arduino/hardware/tools/avr/bin/../lib/gcc/avr/4.9.2/avr5\libgcc.a(_mulshisi3.o)
__mulsf3                                          c:/program files (x86)/arduino/hardware/tools/avr/bin/../lib/gcc/avr/4.9.2/../../../../avr/lib/avr5\libm.a(mulsf3.o)
                                                  ./dds.o
__mulsf3_pse                                      c:/program files (x86)/arduino/hardware/tools/avr/bin/../lib/gcc/avr/4.9.2/../../../../avr/lib/avr5\libm.a(mulsf3x.o)
__mulsf3x                                         c:/program files (x86)/arduino/hardware/tools/avr/bin/../lib/gcc/avr/4.9.2/../../../../avr/lib/avr5\libm.a(mulsf3x.o)
                                                  c:/program files (x86)/arduino/hardware/tools/avr/bin/../lib/gcc/avr/4.9.2/../../../../avr/lib/avr5\libm.a(mulsf3.o)
__mulshisi3                                       c:/program files (x86)/arduino/hardware/tools/avr/bin/../lib/gcc/avr/4.9.2/avr5\libgcc.a(_mulshisi3.o)
                                                  ./vfo.o
__mulsi3                                          c:/program files (x86)/arduino/hardware/tools/avr/bin/../lib/gcc/avr/4.9.2/avr5\libgcc.a(_mulsi3.o)
                                                  ./vfo.o
__muluhisi3                                       c:/program files (x86)/arduino/hardware/tools/avr/bin/../lib/gcc/avr/4.9.2/avr5\libgcc.a(_muluhisi3.o)
                                                  c:/program files (x86)/arduino/hardware/tools/avr/bin/../lib/gcc/avr/4.9.2/avr5\libgcc.a(_mulshisi3.o)
                                                  c:/program files (x86)/arduino/hardware/tools/avr/bin/../lib/gcc/avr/4.9.2/avr5\libgcc.a(_mulsi3.o)
                                                  ./vfo.o
__prologue_saves__                                c:/program files (x86)/arduino/hardware/tools/avr/bin/../lib/gcc/avr/4.9.2/avr5\libgcc.a(_prologue.o)
                                                  c:/program files (x86)/arduino/hardware/tools/avr/bin/../lib/gcc/avr/4.9.2/../../../../avr/lib/avr5\libc.a(vfprintf_std.o)
                                                  c:/program files (x86)/arduino/hardware/tools/avr/bin/../lib/gcc/avr/4.9.2/../../../../avr/lib/avr5\libc.a(sprintf.o)
__stack                                           c:/program files (x86)/arduino/hardware/tools/avr/bin/../lib/gcc/avr/4.9.2/../../../../avr/lib/avr5/crtatmega328p.o
__udivmodhi4                                      c:/program files (x86)/arduino/hardware/tools/avr/bin/../lib/gcc/avr/4.9.2/avr5\libgcc.a(_udivmodhi4.o)
                                                  ./keyer.o
__udivmodsi4                                      c:/program files (x86)/arduino/hardware/tools/avr/bin/../lib/gcc/avr/4.9.2/avr5\libgcc.a(_udivmodsi4.o)
                                                  ./vfo.o
__ultoa_invert                                    c:/program files (x86)/arduino/hardware/tools/avr/bin/../lib/gcc/avr/4.9.2/../../../../avr/lib/avr5\libc.a(ultoa_invert.o)
                                                  c:/program files (x86)/arduino/hardware/tools/avr/bin/../lib/gcc/avr/4.9.2/../../../../avr/lib/avr5\libc.a(vfprintf_std.o)
__umulhisi3                                       c:/program files (x86)/arduino/hardware/tools/avr/bin/../lib/gcc/avr/4.9.2/avr5\libgcc.a(_umulhisi3.o)
                                                  c:/program files (x86)/arduino/hardware/tools/avr/bin/../lib/gcc/avr/4.9.2/avr5\libgcc.a(_muluhisi3.o)
                                                  ./timer.o
__vector_1                                        c:/program files (x86)/arduino/hardware/tools/avr/bin/../lib/gcc/avr/4.9.2/../../../../avr/lib/avr5/crtatmega328p.o
__vector_10                                       c:/program files (x86)/arduino/hardware/tools/avr/bin/../lib/gcc/avr/4.9.2/../../../../avr/lib/avr5/crtatmega328p.o
__vector_11                                       ./timer.o
                                                  c:/program files (x86)/arduino/hardware/tools/avr/bin/../lib/gcc/avr/4.9.2/../../../../avr/lib/avr5/crtatmega328p.o
__vector_12                                       c:/program files (x86)/arduino/hardware/tools/avr/bin/../lib/gcc/avr/4.9.2/../../../../avr/lib/avr5/crtatmega328p.o
__vector_13                                       c:/program files (x86)/arduino/hardware/tools/avr/bin/../lib/gcc/avr/4.9.2/../../../../avr/lib/avr5/crtatmega328p.o
__vector_14                                       c:/program files (x86)/arduino/hardware/tools/avr/bin/../lib/gcc/avr/4.9.2/../../../../avr/lib/avr5/crtatmega328p.o
__vector_15                                       c:/program files (x86)/arduino/hardware/tools/avr/bin/../lib/gcc/avr/4.9.2/../../../../avr/lib/avr5/crtatmega328p.o
__vector_16                                       c:/program files (x86)/arduino/hardware/tools/avr/bin/../lib/gcc/avr/4.9.2/../../../../avr/lib/avr5/crtatmega328p.o
__vector_17                                       c:/program files (x86)/arduino/hardware/tools/avr/bin/../lib/gcc/avr/4.9.2/../../../../avr/lib/avr5/crtatmega328p.o
__vector_18                                       c:/program files (x86)/arduino/hardware/tools/avr/bin/../lib/gcc/avr/4.9.2/../../../../avr/lib/avr5/crtatmega328p.o
__vector_19                                       c:/program files (x86)/arduino/hardware/tools/avr/bin/../lib/gcc/avr/4.9.2/../../../../avr/lib/avr5/crtatmega328p.o
__vector_2                                        c:/program files (x86)/arduino/hardware/tools/avr/bin/../lib/gcc/avr/4.9.2/../../../../avr/lib/avr5/crtatmega328p.o
__vector_20                                       c:/program files (x86)/arduino/hardware/tools/avr/bin/../lib/gcc/avr/4.9.2/../../../../avr/lib/avr5/crtatmega328p.o
__vector_21                                       c:/program files (x86)/arduino/hardware/tools/avr/bin/../lib/gcc/avr/4.9.2/../../../../avr/lib/avr5/crtatmega328p.o
__vector_22                                       c:/program files (x86)/arduino/hardware/tools/avr/bin/../lib/gcc/avr/4.9.2/../../../../avr/lib/avr5/crtatmega328p.o
__vector_23                                       c:/program files (x86)/arduino/hardware/tools/avr/bin/../lib/gcc/avr/4.9.2/../../../../avr/lib/avr5/crtatmega328p.o
__vector_24                                       c:/program files (x86)/arduino/hardware/tools/avr/bin/../lib/gcc/avr/4.9.2/../../../../avr/lib/avr5/crtatmega328p.o
__vector_25                                       c:/program files (x86)/arduino/hardware/tools/avr/bin/../lib/gcc/avr/4.9.2/../../../../avr/lib/avr5/crtatmega328p.o
__vector_3                                        c:/program files (x86)/arduino/hardware/tools/avr/bin/../lib/gcc/avr/4.9.2/../../../../avr/lib/avr5/crtatmega328p.o
__vector_4                                        c:/program files (x86)/arduino/hardware/tools/avr/bin/../lib/gcc/avr/4.9.2/../../../../avr/lib/avr5/crtatmega328p.o
__vector_5                                        c:/program files (x86)/arduino/hardware/tools/avr/bin/../lib/gcc/avr/4.9.2/../../../../avr/lib/avr5/crtatmega328p.o
__vector_6                                        c:/program files (x86)/arduino/hardware/tools/avr/bin/../lib/gcc/avr/4.9.2/../../../../avr/lib/avr5/crtatmega328p.o
__vector_7                                        ./clock.o
                                                  c:/program files (x86)/arduino/hardware/tools/avr/bin/../lib/gcc/avr/4.9.2/../../../../avr/lib/avr5/crtatmega328p.o
__vector_8                                        c:/program files (x86)/arduino/hardware/tools/avr/bin/../lib/gcc/avr/4.9.2/../../../../avr/lib/avr5/crtatmega328p.o
__vector_9                                        c:/program files (x86)/arduino/hardware/tools/avr/bin/../lib/gcc/avr/4.9.2/../../../../avr/lib/avr5/crtatmega328p.o
__vector_default                                  c:/program files (x86)/arduino/hardware/tools/avr/bin/../lib/gcc/avr/4.9.2/../../../../avr/lib/avr5/crtatmega328p.o
__vectors                                         c:/program files (x86)/arduino/hardware/tools/avr/bin/../lib/gcc/avr/4.9.2/../../../../avr/lib/avr5/crtatmega328p.o
_exit                                             c:/program files (x86)/arduino/hardware/tools/avr/bin/../lib/gcc/avr/4.9.2/avr5\libgcc.a(_exit.o)
_getPixels                                        ./font.o
                                                  ./lcd.o
                                                  ./graphics.o
band_lb                                           ./params.o
band_strings                                      ./params.o
dds                                               ./dds.o
                                                  ./relay.o
                                                  ./main.o
default_param_display                             ./params.o
exit                                              c:/program files (x86)/arduino/hardware/tools/avr/bin/../lib/gcc/avr/4.9.2/avr5\libgcc.a(_exit.o)
                                                  c:/program files (x86)/arduino/hardware/tools/avr/bin/../lib/gcc/avr/4.9.2/../../../../avr/lib/avr5/crtatmega328p.o
fputc                                             c:/program files (x86)/arduino/hardware/tools/avr/bin/../lib/gcc/avr/4.9.2/../../../../avr/lib/avr5\libc.a(fputc.o)
                                                  c:/program files (x86)/arduino/hardware/tools/avr/bin/../lib/gcc/avr/4.9.2/../../../../avr/lib/avr5\libc.a(vfprintf_std.o)
fputs                                             c:/program files (x86)/arduino/hardware/tools/avr/bin/../lib/gcc/avr/4.9.2/../../../../avr/lib/avr5\libc.a(fputs.o)
                                                  ./main.o
free                                              c:/program files (x86)/arduino/hardware/tools/avr/bin/../lib/gcc/avr/4.9.2/../../../../avr/lib/avr5\libc.a(malloc.o)
hasChar                                           ./uart.o
key_strings                                       ./params.o
lcd_str                                           ./main.o
lcdfp                                             ./main.o
main                                              ./main.o
                                                  c:/program files (x86)/arduino/hardware/tools/avr/bin/../lib/gcc/avr/4.9.2/../../../../avr/lib/avr5/crtatmega328p.o
malloc                                            c:/program files (x86)/arduino/hardware/tools/avr/bin/../lib/gcc/avr/4.9.2/../../../../avr/lib/avr5\libc.a(malloc.o)
                                                  ./main.o
                                                  ./Encoder.o
puts                                              c:/program files (x86)/arduino/hardware/tools/avr/bin/../lib/gcc/avr/4.9.2/../../../../avr/lib/avr5\libc.a(puts.o)
                                                  ./main.o
sprintf                                           c:/program files (x86)/arduino/hardware/tools/avr/bin/../lib/gcc/avr/4.9.2/../../../../avr/lib/avr5\libc.a(sprintf.o)
                                                  ./params.o
step_strings                                      ./params.o
strnlen                                           c:/program files (x86)/arduino/hardware/tools/avr/bin/../lib/gcc/avr/4.9.2/../../../../avr/lib/avr5\libc.a(strnlen.o)
                                                  c:/program files (x86)/arduino/hardware/tools/avr/bin/../lib/gcc/avr/4.9.2/../../../../avr/lib/avr5\libc.a(vfprintf_std.o)
strnlen_P                                         c:/program files (x86)/arduino/hardware/tools/avr/bin/../lib/gcc/avr/4.9.2/../../../../avr/lib/avr5\libc.a(strnlen_P.o)
                                                  c:/program files (x86)/arduino/hardware/tools/avr/bin/../lib/gcc/avr/4.9.2/../../../../avr/lib/avr5\libc.a(vfprintf_std.o)
uart_getc                                         ./uart.o
                                                  ./main.o
uart_gets                                         ./uart.o
uart_init                                         ./uart.o
                                                  ./main.o
uart_putc                                         ./uart.o
                                                  ./main.o
uart_puts                                         ./uart.o
uart_str                                          ./main.o
vfoDataConst                                      ./vfo.o
                                                  ./main.o
vfo_strings                                       ./params.o
vfoact_strings                                    ./params.o
vfprintf                                          c:/program files (x86)/arduino/hardware/tools/avr/bin/../lib/gcc/avr/4.9.2/../../../../avr/lib/avr5\libc.a(vfprintf_std.o)
                                                  c:/program files (x86)/arduino/hardware/tools/avr/bin/../lib/gcc/avr/4.9.2/../../../../avr/lib/avr5\libc.a(sprintf.o)
